Archive member included to satisfy reference by file (symbol)

d:/102021~1.10/bin/../lib/gcc/arm-none-eabi/10.3.1/thumb/v7e-m+fp/hard\libgcc.a(_aeabi_uldivmod.o)
                              CMakeFiles/motor_test.elf.dir/Drivers/STM32F4xx_HAL_Driver/Src/stm32f4xx_hal_rcc.c.obj (__aeabi_uldivmod)
d:/102021~1.10/bin/../lib/gcc/arm-none-eabi/10.3.1/thumb/v7e-m+fp/hard\libgcc.a(_udivmoddi4.o)
                              d:/102021~1.10/bin/../lib/gcc/arm-none-eabi/10.3.1/thumb/v7e-m+fp/hard\libgcc.a(_aeabi_uldivmod.o) (__udivmoddi4)
d:/102021~1.10/bin/../lib/gcc/arm-none-eabi/10.3.1/thumb/v7e-m+fp/hard\libgcc.a(_dvmd_tls.o)
                              d:/102021~1.10/bin/../lib/gcc/arm-none-eabi/10.3.1/thumb/v7e-m+fp/hard\libgcc.a(_aeabi_uldivmod.o) (__aeabi_ldiv0)
d:/102021~1.10/bin/../lib/gcc/arm-none-eabi/10.3.1/../../../../arm-none-eabi/lib/thumb/v7e-m+fp/hard\libg.a(lib_a-errno.o)
                              CMakeFiles/motor_test.elf.dir/Core/Src/syscalls.c.obj (__errno)
d:/102021~1.10/bin/../lib/gcc/arm-none-eabi/10.3.1/../../../../arm-none-eabi/lib/thumb/v7e-m+fp/hard\libg.a(lib_a-exit.o)
                              d:/102021~1.10/bin/../lib/gcc/arm-none-eabi/10.3.1/../../../../arm-none-eabi/lib/thumb/v7e-m+fp/hard/crt0.o (exit)
d:/102021~1.10/bin/../lib/gcc/arm-none-eabi/10.3.1/../../../../arm-none-eabi/lib/thumb/v7e-m+fp/hard\libg.a(lib_a-impure.o)
                              d:/102021~1.10/bin/../lib/gcc/arm-none-eabi/10.3.1/../../../../arm-none-eabi/lib/thumb/v7e-m+fp/hard\libg.a(lib_a-exit.o) (_global_impure_ptr)
d:/102021~1.10/bin/../lib/gcc/arm-none-eabi/10.3.1/../../../../arm-none-eabi/lib/thumb/v7e-m+fp/hard\libg.a(lib_a-init.o)
                              d:/102021~1.10/bin/../lib/gcc/arm-none-eabi/10.3.1/../../../../arm-none-eabi/lib/thumb/v7e-m+fp/hard/crt0.o (__libc_init_array)
d:/102021~1.10/bin/../lib/gcc/arm-none-eabi/10.3.1/../../../../arm-none-eabi/lib/thumb/v7e-m+fp/hard\libg.a(lib_a-memcpy.o)
                              CMakeFiles/motor_test.elf.dir/Middlewares/Third_Party/FreeRTOS/Source/queue.c.obj (memcpy)
d:/102021~1.10/bin/../lib/gcc/arm-none-eabi/10.3.1/../../../../arm-none-eabi/lib/thumb/v7e-m+fp/hard\libg.a(lib_a-memset.o)
                              d:/102021~1.10/bin/../lib/gcc/arm-none-eabi/10.3.1/../../../../arm-none-eabi/lib/thumb/v7e-m+fp/hard/crt0.o (memset)
d:/102021~1.10/bin/../lib/gcc/arm-none-eabi/10.3.1/../../../../arm-none-eabi/lib/thumb/v7e-m+fp/hard\libg.a(lib_a-reent.o)
                              CMakeFiles/motor_test.elf.dir/Middlewares/Third_Party/FreeRTOS/Source/tasks.c.obj (_reclaim_reent)
d:/102021~1.10/bin/../lib/gcc/arm-none-eabi/10.3.1/../../../../arm-none-eabi/lib/thumb/v7e-m+fp/hard\libg.a(lib_a-__call_atexit.o)
                              d:/102021~1.10/bin/../lib/gcc/arm-none-eabi/10.3.1/../../../../arm-none-eabi/lib/thumb/v7e-m+fp/hard\libg.a(lib_a-exit.o) (__call_exitprocs)
d:/102021~1.10/bin/../lib/gcc/arm-none-eabi/10.3.1/../../../../arm-none-eabi/lib/thumb/v7e-m+fp/hard\libg.a(lib_a-atexit.o)
                              d:/102021~1.10/bin/../lib/gcc/arm-none-eabi/10.3.1/../../../../arm-none-eabi/lib/thumb/v7e-m+fp/hard\libg.a(lib_a-__call_atexit.o) (atexit)
d:/102021~1.10/bin/../lib/gcc/arm-none-eabi/10.3.1/../../../../arm-none-eabi/lib/thumb/v7e-m+fp/hard\libg.a(lib_a-fini.o)
                              d:/102021~1.10/bin/../lib/gcc/arm-none-eabi/10.3.1/../../../../arm-none-eabi/lib/thumb/v7e-m+fp/hard\libg.a(lib_a-__call_atexit.o) (__libc_fini_array)
d:/102021~1.10/bin/../lib/gcc/arm-none-eabi/10.3.1/../../../../arm-none-eabi/lib/thumb/v7e-m+fp/hard\libg.a(lib_a-freer.o)
                              d:/102021~1.10/bin/../lib/gcc/arm-none-eabi/10.3.1/../../../../arm-none-eabi/lib/thumb/v7e-m+fp/hard\libg.a(lib_a-reent.o) (_free_r)
d:/102021~1.10/bin/../lib/gcc/arm-none-eabi/10.3.1/../../../../arm-none-eabi/lib/thumb/v7e-m+fp/hard\libg.a(lib_a-lock.o)
                              d:/102021~1.10/bin/../lib/gcc/arm-none-eabi/10.3.1/../../../../arm-none-eabi/lib/thumb/v7e-m+fp/hard\libg.a(lib_a-__call_atexit.o) (__retarget_lock_acquire_recursive)
d:/102021~1.10/bin/../lib/gcc/arm-none-eabi/10.3.1/../../../../arm-none-eabi/lib/thumb/v7e-m+fp/hard\libg.a(lib_a-mallocr.o)
                              d:/102021~1.10/bin/../lib/gcc/arm-none-eabi/10.3.1/../../../../arm-none-eabi/lib/thumb/v7e-m+fp/hard\libg.a(lib_a-freer.o) (__malloc_current_mallinfo)
d:/102021~1.10/bin/../lib/gcc/arm-none-eabi/10.3.1/../../../../arm-none-eabi/lib/thumb/v7e-m+fp/hard\libg.a(lib_a-mlock.o)
                              d:/102021~1.10/bin/../lib/gcc/arm-none-eabi/10.3.1/../../../../arm-none-eabi/lib/thumb/v7e-m+fp/hard\libg.a(lib_a-freer.o) (__malloc_lock)
d:/102021~1.10/bin/../lib/gcc/arm-none-eabi/10.3.1/../../../../arm-none-eabi/lib/thumb/v7e-m+fp/hard\libg.a(lib_a-sbrkr.o)
                              d:/102021~1.10/bin/../lib/gcc/arm-none-eabi/10.3.1/../../../../arm-none-eabi/lib/thumb/v7e-m+fp/hard\libg.a(lib_a-freer.o) (_sbrk_r)
[...]
Memory Configuration

Name             Origin             Length             Attributes
CCMRAM           0x10000000         0x00010000         xrw
RAM              0x20000000         0x00020000         xrw
FLASH            0x08000000         0x00100000         xr
*default*        0x00000000         0xffffffff

Linker script and memory map

LOAD d:/102021~1.10/bin/../lib/gcc/arm-none-eabi/10.3.1/thumb/v7e-m+fp/hard/crti.o
LOAD d:/102021~1.10/bin/../lib/gcc/arm-none-eabi/10.3.1/thumb/v7e-m+fp/hard/crtbegin.o
LOAD d:/102021~1.10/bin/../lib/gcc/arm-none-eabi/10.3.1/../../../../arm-none-eabi/lib/thumb/v7e-m+fp/hard/crt0.o
LOAD CMakeFiles/motor_test.elf.dir/Application/motor.c.obj
LOAD CMakeFiles/motor_test.elf.dir/Bsp/bsp_can.c.obj
LOAD CMakeFiles/motor_test.elf.dir/Core/Src/can.c.obj
LOAD CMakeFiles/motor_test.elf.dir/Core/Src/freertos.c.obj
LOAD CMakeFiles/motor_test.elf.dir/Core/Src/gpio.c.obj
LOAD CMakeFiles/motor_test.elf.dir/Core/Src/main.c.obj
LOAD CMakeFiles/motor_test.elf.dir/Core/Src/stm32f4xx_hal_msp.c.obj
LOAD CMakeFiles/motor_test.elf.dir/Core/Src/stm32f4xx_hal_timebase_tim.c.obj
LOAD CMakeFiles/motor_test.elf.dir/Core/Src/stm32f4xx_it.c.obj
LOAD CMakeFiles/motor_test.elf.dir/Core/Src/syscalls.c.obj
LOAD CMakeFiles/motor_test.elf.dir/Core/Src/sysmem.c.obj
LOAD CMakeFiles/motor_test.elf.dir/Core/Src/system_stm32f4xx.c.obj
LOAD CMakeFiles/motor_test.elf.dir/Core/Startup/startup_stm32f407ighx.s.obj
LOAD CMakeFiles/motor_test.elf.dir/Drivers/STM32F4xx_HAL_Driver/Src/stm32f4xx_hal.c.obj
LOAD CMakeFiles/motor_test.elf.dir/Drivers/STM32F4xx_HAL_Driver/Src/stm32f4xx_hal_can.c.obj
LOAD CMakeFiles/motor_test.elf.dir/Drivers/STM32F4xx_HAL_Driver/Src/stm32f4xx_hal_cortex.c.obj
LOAD CMakeFiles/motor_test.elf.dir/Drivers/STM32F4xx_HAL_Driver/Src/stm32f4xx_hal_dma.c.obj
LOAD CMakeFiles/motor_test.elf.dir/Drivers/STM32F4xx_HAL_Driver/Src/stm32f4xx_hal_dma_ex.c.obj
LOAD CMakeFiles/motor_test.elf.dir/Drivers/STM32F4xx_HAL_Driver/Src/stm32f4xx_hal_exti.c.obj
LOAD CMakeFiles/motor_test.elf.dir/Drivers/STM32F4xx_HAL_Driver/Src/stm32f4xx_hal_flash.c.obj
LOAD CMakeFiles/motor_test.elf.dir/Drivers/STM32F4xx_HAL_Driver/Src/stm32f4xx_hal_flash_ex.c.obj
LOAD CMakeFiles/motor_test.elf.dir/Drivers/STM32F4xx_HAL_Driver/Src/stm32f4xx_hal_flash_ramfunc.c.obj
LOAD CMakeFiles/motor_test.elf.dir/Drivers/STM32F4xx_HAL_Driver/Src/stm32f4xx_hal_gpio.c.obj
LOAD CMakeFiles/motor_test.elf.dir/Drivers/STM32F4xx_HAL_Driver/Src/stm32f4xx_hal_pwr.c.obj
LOAD CMakeFiles/motor_test.elf.dir/Drivers/STM32F4xx_HAL_Driver/Src/stm32f4xx_hal_pwr_ex.c.obj
LOAD CMakeFiles/motor_test.elf.dir/Drivers/STM32F4xx_HAL_Driver/Src/stm32f4xx_hal_rcc.c.obj
LOAD CMakeFiles/motor_test.elf.dir/Drivers/STM32F4xx_HAL_Driver/Src/stm32f4xx_hal_rcc_ex.c.obj
LOAD CMakeFiles/motor_test.elf.dir/Drivers/STM32F4xx_HAL_Driver/Src/stm32f4xx_hal_tim.c.obj
LOAD CMakeFiles/motor_test.elf.dir/Drivers/STM32F4xx_HAL_Driver/Src/stm32f4xx_hal_tim_ex.c.obj
LOAD CMakeFiles/motor_test.elf.dir/Middlewares/Third_Party/FreeRTOS/Source/CMSIS_RTOS/cmsis_os.c.obj
LOAD CMakeFiles/motor_test.elf.dir/Middlewares/Third_Party/FreeRTOS/Source/croutine.c.obj
LOAD CMakeFiles/motor_test.elf.dir/Middlewares/Third_Party/FreeRTOS/Source/event_groups.c.obj
LOAD CMakeFiles/motor_test.elf.dir/Middlewares/Third_Party/FreeRTOS/Source/list.c.obj
LOAD CMakeFiles/motor_test.elf.dir/Middlewares/Third_Party/FreeRTOS/Source/portable/GCC/ARM_CM4F/port.c.obj
LOAD CMakeFiles/motor_test.elf.dir/Middlewares/Third_Party/FreeRTOS/Source/portable/MemMang/heap_4.c.obj
LOAD CMakeFiles/motor_test.elf.dir/Middlewares/Third_Party/FreeRTOS/Source/queue.c.obj
LOAD CMakeFiles/motor_test.elf.dir/Middlewares/Third_Party/FreeRTOS/Source/stream_buffer.c.obj
LOAD CMakeFiles/motor_test.elf.dir/Middlewares/Third_Party/FreeRTOS/Source/tasks.c.obj
LOAD CMakeFiles/motor_test.elf.dir/Middlewares/Third_Party/FreeRTOS/Source/timers.c.obj
START GROUP
LOAD d:/102021~1.10/bin/../lib/gcc/arm-none-eabi/10.3.1/thumb/v7e-m+fp/hard\libgcc.a
LOAD d:/102021~1.10/bin/../lib/gcc/arm-none-eabi/10.3.1/../../../../arm-none-eabi/lib/thumb/v7e-m+fp/hard\libg.a
LOAD d:/102021~1.10/bin/../lib/gcc/arm-none-eabi/10.3.1/../../../../arm-none-eabi/lib/thumb/v7e-m+fp/hard\libc.a
END GROUP
LOAD d:/102021~1.10/bin/../lib/gcc/arm-none-eabi/10.3.1/thumb/v7e-m+fp/hard/crtend.o
LOAD d:/102021~1.10/bin/../lib/gcc/arm-none-eabi/10.3.1/thumb/v7e-m+fp/hard/crtn.o
                0x20020000                _estack = (ORIGIN (RAM) + LENGTH (RAM))
                0x00000200                _Min_Heap_Size = 0x200
                0x00000400                _Min_Stack_Size = 0x400

.isr_vector     0x08000000      0x188
                0x08000000                . = ALIGN (0x4)
 *(.isr_vector)
 .isr_vector    0x08000000      0x188 CMakeFiles/motor_test.elf.dir/Core/Startup/startup_stm32f407ighx.s.obj
                0x08000000                g_pfnVectors
                0x08000188                . = ALIGN (0x4)

.text           0x08000190     0x3c18
                0x08000190                . = ALIGN (0x4)
 *(.text)
 .text          0x08000190       0x40 d:/102021~1.10/bin/../lib/gcc/arm-none-eabi/10.3.1/thumb/v7e-m+fp/hard/crtbegin.o
 .text          0x080001d0       0x30 d:/102021~1.10/bin/../lib/gcc/arm-none-eabi/10.3.1/thumb/v7e-m+fp/hard\libgcc.a(_aeabi_uldivmod.o)
                0x080001d0                __aeabi_uldivmod
 .text          0x08000200      0x2d0 d:/102021~1.10/bin/../lib/gcc/arm-none-eabi/10.3.1/thumb/v7e-m+fp/hard\libgcc.a(_udivmoddi4.o)
                0x08000200                __udivmoddi4
 .text          0x080004d0        0x4 d:/102021~1.10/bin/../lib/gcc/arm-none-eabi/10.3.1/thumb/v7e-m+fp/hard\libgcc.a(_dvmd_tls.o)
                0x080004d0                __aeabi_idiv0
                0x080004d0                __aeabi_ldiv0
 .text          0x080004d4      0x134 d:/102021~1.10/bin/../lib/gcc/arm-none-eabi/10.3.1/../../../../arm-none-eabi/lib/thumb/v7e-m+fp/hard\libg.a(lib_a-memcpy.o)
                0x080004d4                memcpy
 *(.text*)
 .text.HAL_CAN_RxFifo0MsgPendingCallback
                0x08000608        0x2 CMakeFiles/motor_test.elf.dir/Bsp/bsp_can.c.obj
                0x08000608                HAL_CAN_RxFifo0MsgPendingCallback
 *fill*         0x0800060a        0x2 
 .text.MX_CAN1_Init
                0x0800060c       0x44 CMakeFiles/motor_test.elf.dir/Core/Src/can.c.obj
                0x0800060c                MX_CAN1_Init
 .text.MX_CAN2_Init
                0x08000650       0x44 CMakeFiles/motor_test.elf.dir/Core/Src/can.c.obj
                0x08000650                MX_CAN2_Init
 .text.HAL_CAN_MspInit
                0x08000694      0x120 CMakeFiles/motor_test.elf.dir/Core/Src/can.c.obj
                0x08000694                HAL_CAN_MspInit
 .text.StartDefaultTask
                0x080007b4        0xa CMakeFiles/motor_test.elf.dir/Core/Src/freertos.c.obj
                0x080007b4                StartDefaultTask
 .text.StartTask02
                0x080007be        0xa CMakeFiles/motor_test.elf.dir/Core/Src/freertos.c.obj
                0x080007be                StartTask02
 .text.vApplicationGetIdleTaskMemory
                0x080007c8       0x18 CMakeFiles/motor_test.elf.dir/Core/Src/freertos.c.obj
                0x080007c8                vApplicationGetIdleTaskMemory
 .text.vApplicationGetTimerTaskMemory
                0x080007e0       0x18 CMakeFiles/motor_test.elf.dir/Core/Src/freertos.c.obj
                0x080007e0                vApplicationGetTimerTaskMemory
 .text.MX_FREERTOS_Init
                0x080007f8       0x5c CMakeFiles/motor_test.elf.dir/Core/Src/freertos.c.obj
                0x080007f8                MX_FREERTOS_Init
 .text.MX_GPIO_Init
                0x08000854       0x60 CMakeFiles/motor_test.elf.dir/Core/Src/gpio.c.obj
                0x08000854                MX_GPIO_Init
 .text.HAL_TIM_PeriodElapsedCallback
                0x080008b4       0x18 CMakeFiles/motor_test.elf.dir/Core/Src/main.c.obj
                0x080008b4                HAL_TIM_PeriodElapsedCallback
 .text.Error_Handler
                0x080008cc        0x4 CMakeFiles/motor_test.elf.dir/Core/Src/main.c.obj
                0x080008cc                Error_Handler
 .text.SystemClock_Config
                0x080008d0       0xa8 CMakeFiles/motor_test.elf.dir/Core/Src/main.c.obj
                0x080008d0                SystemClock_Config
 .text.main     0x08000978       0x20 CMakeFiles/motor_test.elf.dir/Core/Src/main.c.obj
                0x08000978                main
 .text.HAL_MspInit
                0x08000998       0x44 CMakeFiles/motor_test.elf.dir/Core/Src/stm32f4xx_hal_msp.c.obj
                0x08000998                HAL_MspInit
 .text.HAL_InitTick
                0x080009dc       0x98 CMakeFiles/motor_test.elf.dir/Core/Src/stm32f4xx_hal_timebase_tim.c.obj
                0x080009dc                HAL_InitTick
 .text.NMI_Handler
                0x08000a74        0x2 CMakeFiles/motor_test.elf.dir/Core/Src/stm32f4xx_it.c.obj
                0x08000a74                NMI_Handler
 .text.HardFault_Handler
                0x08000a76        0x2 CMakeFiles/motor_test.elf.dir/Core/Src/stm32f4xx_it.c.obj
                0x08000a76                HardFault_Handler
 .text.MemManage_Handler
                0x08000a78        0x2 CMakeFiles/motor_test.elf.dir/Core/Src/stm32f4xx_it.c.obj
                0x08000a78                MemManage_Handler
 .text.BusFault_Handler
                0x08000a7a        0x2 CMakeFiles/motor_test.elf.dir/Core/Src/stm32f4xx_it.c.obj
                0x08000a7a                BusFault_Handler
 .text.UsageFault_Handler
                0x08000a7c        0x2 CMakeFiles/motor_test.elf.dir/Core/Src/stm32f4xx_it.c.obj
                0x08000a7c                UsageFault_Handler
 .text.DebugMon_Handler
                0x08000a7e        0x2 CMakeFiles/motor_test.elf.dir/Core/Src/stm32f4xx_it.c.obj
                0x08000a7e                DebugMon_Handler
 .text.CAN1_RX0_IRQHandler
                0x08000a80       0x10 CMakeFiles/motor_test.elf.dir/Core/Src/stm32f4xx_it.c.obj
                0x08000a80                CAN1_RX0_IRQHandler
 .text.TIM1_UP_TIM10_IRQHandler
                0x08000a90       0x10 CMakeFiles/motor_test.elf.dir/Core/Src/stm32f4xx_it.c.obj
                0x08000a90                TIM1_UP_TIM10_IRQHandler
 .text.CAN2_RX0_IRQHandler
                0x08000aa0       0x10 CMakeFiles/motor_test.elf.dir/Core/Src/stm32f4xx_it.c.obj
                0x08000aa0                CAN2_RX0_IRQHandler
 .text._sbrk    0x08000ab0       0x48 CMakeFiles/motor_test.elf.dir/Core/Src/sysmem.c.obj
                0x08000ab0                _sbrk
 .text.SystemInit
                0x08000af8       0x14 CMakeFiles/motor_test.elf.dir/Core/Src/system_stm32f4xx.c.obj
                0x08000af8                SystemInit
 .text.Reset_Handler
                0x08000b0c       0x50 CMakeFiles/motor_test.elf.dir/Core/Startup/startup_stm32f407ighx.s.obj
                0x08000b0c                Reset_Handler
 .text.Default_Handler
                0x08000b5c        0x2 CMakeFiles/motor_test.elf.dir/Core/Startup/startup_stm32f407ighx.s.obj
                0x08000b5c                RTC_Alarm_IRQHandler
                0x08000b5c                HASH_RNG_IRQHandler
                0x08000b5c                EXTI2_IRQHandler
                0x08000b5c                TIM8_CC_IRQHandler
                0x08000b5c                TIM1_CC_IRQHandler
                0x08000b5c                DMA2_Stream5_IRQHandler
                0x08000b5c                DMA1_Stream5_IRQHandler
                0x08000b5c                PVD_IRQHandler
                0x08000b5c                SDIO_IRQHandler
                0x08000b5c                TAMP_STAMP_IRQHandler
                0x08000b5c                CAN2_RX1_IRQHandler
                0x08000b5c                EXTI3_IRQHandler
                0x08000b5c                TIM8_TRG_COM_TIM14_IRQHandler
                0x08000b5c                TIM8_UP_TIM13_IRQHandler
                0x08000b5c                I2C3_ER_IRQHandler
                0x08000b5c                EXTI0_IRQHandler
                0x08000b5c                I2C2_EV_IRQHandler
                0x08000b5c                DMA1_Stream2_IRQHandler
                0x08000b5c                FPU_IRQHandler
                0x08000b5c                OTG_HS_WKUP_IRQHandler
                0x08000b5c                CAN2_SCE_IRQHandler
                0x08000b5c                DMA2_Stream2_IRQHandler
                0x08000b5c                SPI1_IRQHandler
                0x08000b5c                TIM6_DAC_IRQHandler
                0x08000b5c                TIM1_BRK_TIM9_IRQHandler
                0x08000b5c                DCMI_IRQHandler
                0x08000b5c                DMA2_Stream3_IRQHandler
                0x08000b5c                USART6_IRQHandler
                0x08000b5c                USART3_IRQHandler
                0x08000b5c                CAN1_RX1_IRQHandler
                0x08000b5c                UART5_IRQHandler
                0x08000b5c                DMA2_Stream0_IRQHandler
                0x08000b5c                TIM4_IRQHandler
                0x08000b5c                I2C1_EV_IRQHandler
                0x08000b5c                DMA1_Stream6_IRQHandler
                0x08000b5c                DMA1_Stream1_IRQHandler
                0x08000b5c                UART4_IRQHandler
                0x08000b5c                TIM3_IRQHandler
                0x08000b5c                RCC_IRQHandler
                0x08000b5c                TIM8_BRK_TIM12_IRQHandler
                0x08000b5c                Default_Handler
                0x08000b5c                EXTI15_10_IRQHandler
                0x08000b5c                ADC_IRQHandler
                0x08000b5c                DMA1_Stream7_IRQHandler
                0x08000b5c                TIM7_IRQHandler
                0x08000b5c                CAN2_TX_IRQHandler
                0x08000b5c                TIM5_IRQHandler
                0x08000b5c                DMA2_Stream7_IRQHandler
                0x08000b5c                I2C3_EV_IRQHandler
                0x08000b5c                EXTI9_5_IRQHandler
                0x08000b5c                RTC_WKUP_IRQHandler
                0x08000b5c                ETH_WKUP_IRQHandler
                0x08000b5c                SPI2_IRQHandler
                0x08000b5c                OTG_HS_EP1_IN_IRQHandler
                0x08000b5c                DMA1_Stream0_IRQHandler
                0x08000b5c                CAN1_TX_IRQHandler
                0x08000b5c                EXTI4_IRQHandler
                0x08000b5c                FSMC_IRQHandler
                0x08000b5c                ETH_IRQHandler
                0x08000b5c                OTG_HS_EP1_OUT_IRQHandler
                0x08000b5c                WWDG_IRQHandler
                0x08000b5c                TIM2_IRQHandler
                0x08000b5c                OTG_FS_WKUP_IRQHandler
                0x08000b5c                TIM1_TRG_COM_TIM11_IRQHandler
                0x08000b5c                OTG_HS_IRQHandler
                0x08000b5c                EXTI1_IRQHandler
                0x08000b5c                USART2_IRQHandler
                0x08000b5c                I2C2_ER_IRQHandler
                0x08000b5c                DMA2_Stream1_IRQHandler
                0x08000b5c                CAN1_SCE_IRQHandler
                0x08000b5c                FLASH_IRQHandler
                0x08000b5c                DMA2_Stream4_IRQHandler
                0x08000b5c                USART1_IRQHandler
                0x08000b5c                OTG_FS_IRQHandler
                0x08000b5c                SPI3_IRQHandler
                0x08000b5c                DMA1_Stream4_IRQHandler
                0x08000b5c                I2C1_ER_IRQHandler
                0x08000b5c                DMA2_Stream6_IRQHandler
                0x08000b5c                DMA1_Stream3_IRQHandler
 *fill*         0x08000b5e        0x2 
 .text.HAL_Init
                0x08000b60       0x34 CMakeFiles/motor_test.elf.dir/Drivers/STM32F4xx_HAL_Driver/Src/stm32f4xx_hal.c.obj
                0x08000b60                HAL_Init
 .text.HAL_IncTick
                0x08000b94       0x18 CMakeFiles/motor_test.elf.dir/Drivers/STM32F4xx_HAL_Driver/Src/stm32f4xx_hal.c.obj
                0x08000b94                HAL_IncTick
 .text.HAL_GetTick
                0x08000bac        0xc CMakeFiles/motor_test.elf.dir/Drivers/STM32F4xx_HAL_Driver/Src/stm32f4xx_hal.c.obj
                0x08000bac                HAL_GetTick
 .text.HAL_CAN_Init
                0x08000bb8      0x14c CMakeFiles/motor_test.elf.dir/Drivers/STM32F4xx_HAL_Driver/Src/stm32f4xx_hal_can.c.obj
                0x08000bb8                HAL_CAN_Init
 .text.HAL_CAN_TxMailbox0CompleteCallback
                0x08000d04        0x2 CMakeFiles/motor_test.elf.dir/Drivers/STM32F4xx_HAL_Driver/Src/stm32f4xx_hal_can.c.obj
                0x08000d04                HAL_CAN_TxMailbox0CompleteCallback
 .text.HAL_CAN_TxMailbox1CompleteCallback
                0x08000d06        0x2 CMakeFiles/motor_test.elf.dir/Drivers/STM32F4xx_HAL_Driver/Src/stm32f4xx_hal_can.c.obj
                0x08000d06                HAL_CAN_TxMailbox1CompleteCallback
 .text.HAL_CAN_TxMailbox2CompleteCallback
                0x08000d08        0x2 CMakeFiles/motor_test.elf.dir/Drivers/STM32F4xx_HAL_Driver/Src/stm32f4xx_hal_can.c.obj
                0x08000d08                HAL_CAN_TxMailbox2CompleteCallback
 .text.HAL_CAN_TxMailbox0AbortCallback
                0x08000d0a        0x2 CMakeFiles/motor_test.elf.dir/Drivers/STM32F4xx_HAL_Driver/Src/stm32f4xx_hal_can.c.obj
                0x08000d0a                HAL_CAN_TxMailbox0AbortCallback
 .text.HAL_CAN_TxMailbox1AbortCallback
                0x08000d0c        0x2 CMakeFiles/motor_test.elf.dir/Drivers/STM32F4xx_HAL_Driver/Src/stm32f4xx_hal_can.c.obj
                0x08000d0c                HAL_CAN_TxMailbox1AbortCallback
 .text.HAL_CAN_TxMailbox2AbortCallback
                0x08000d0e        0x2 CMakeFiles/motor_test.elf.dir/Drivers/STM32F4xx_HAL_Driver/Src/stm32f4xx_hal_can.c.obj
                0x08000d0e                HAL_CAN_TxMailbox2AbortCallback
 .text.HAL_CAN_RxFifo0FullCallback
                0x08000d10        0x2 CMakeFiles/motor_test.elf.dir/Drivers/STM32F4xx_HAL_Driver/Src/stm32f4xx_hal_can.c.obj
                0x08000d10                HAL_CAN_RxFifo0FullCallback
 .text.HAL_CAN_RxFifo1MsgPendingCallback
                0x08000d12        0x2 CMakeFiles/motor_test.elf.dir/Drivers/STM32F4xx_HAL_Driver/Src/stm32f4xx_hal_can.c.obj
                0x08000d12                HAL_CAN_RxFifo1MsgPendingCallback
 .text.HAL_CAN_RxFifo1FullCallback
                0x08000d14        0x2 CMakeFiles/motor_test.elf.dir/Drivers/STM32F4xx_HAL_Driver/Src/stm32f4xx_hal_can.c.obj
                0x08000d14                HAL_CAN_RxFifo1FullCallback
 .text.HAL_CAN_SleepCallback
                0x08000d16        0x2 CMakeFiles/motor_test.elf.dir/Drivers/STM32F4xx_HAL_Driver/Src/stm32f4xx_hal_can.c.obj
                0x08000d16                HAL_CAN_SleepCallback
 .text.HAL_CAN_WakeUpFromRxMsgCallback
                0x08000d18        0x2 CMakeFiles/motor_test.elf.dir/Drivers/STM32F4xx_HAL_Driver/Src/stm32f4xx_hal_can.c.obj
                0x08000d18                HAL_CAN_WakeUpFromRxMsgCallback
 .text.HAL_CAN_ErrorCallback
                0x08000d1a        0x2 CMakeFiles/motor_test.elf.dir/Drivers/STM32F4xx_HAL_Driver/Src/stm32f4xx_hal_can.c.obj
                0x08000d1a                HAL_CAN_ErrorCallback
 .text.HAL_CAN_IRQHandler
                0x08000d1c      0x24a CMakeFiles/motor_test.elf.dir/Drivers/STM32F4xx_HAL_Driver/Src/stm32f4xx_hal_can.c.obj
                0x08000d1c                HAL_CAN_IRQHandler
 *fill*         0x08000f66        0x2 
 .text.HAL_NVIC_SetPriorityGrouping
                0x08000f68       0x24 CMakeFiles/motor_test.elf.dir/Drivers/STM32F4xx_HAL_Driver/Src/stm32f4xx_hal_cortex.c.obj
                0x08000f68                HAL_NVIC_SetPriorityGrouping
 .text.HAL_NVIC_SetPriority
                0x08000f8c       0x70 CMakeFiles/motor_test.elf.dir/Drivers/STM32F4xx_HAL_Driver/Src/stm32f4xx_hal_cortex.c.obj
                0x08000f8c                HAL_NVIC_SetPriority
 .text.HAL_NVIC_EnableIRQ
                0x08000ffc       0x1c CMakeFiles/motor_test.elf.dir/Drivers/STM32F4xx_HAL_Driver/Src/stm32f4xx_hal_cortex.c.obj
                0x08000ffc                HAL_NVIC_EnableIRQ
 .text.HAL_GPIO_Init
                0x08001018      0x1e4 CMakeFiles/motor_test.elf.dir/Drivers/STM32F4xx_HAL_Driver/Src/stm32f4xx_hal_gpio.c.obj
                0x08001018                HAL_GPIO_Init
 .text.HAL_RCC_OscConfig
                0x080011fc      0x3f8 CMakeFiles/motor_test.elf.dir/Drivers/STM32F4xx_HAL_Driver/Src/stm32f4xx_hal_rcc.c.obj
                0x080011fc                HAL_RCC_OscConfig
 .text.HAL_RCC_GetSysClockFreq
                0x080015f4       0xa4 CMakeFiles/motor_test.elf.dir/Drivers/STM32F4xx_HAL_Driver/Src/stm32f4xx_hal_rcc.c.obj
                0x080015f4                HAL_RCC_GetSysClockFreq
 .text.HAL_RCC_ClockConfig
                0x08001698      0x160 CMakeFiles/motor_test.elf.dir/Drivers/STM32F4xx_HAL_Driver/Src/stm32f4xx_hal_rcc.c.obj
                0x08001698                HAL_RCC_ClockConfig
 .text.HAL_RCC_GetHCLKFreq
                0x080017f8        0xc CMakeFiles/motor_test.elf.dir/Drivers/STM32F4xx_HAL_Driver/Src/stm32f4xx_hal_rcc.c.obj
                0x080017f8                HAL_RCC_GetHCLKFreq
 .text.HAL_RCC_GetPCLK2Freq
                0x08001804       0x20 CMakeFiles/motor_test.elf.dir/Drivers/STM32F4xx_HAL_Driver/Src/stm32f4xx_hal_rcc.c.obj
                0x08001804                HAL_RCC_GetPCLK2Freq
 .text.HAL_RCC_GetClockConfig
                0x08001824       0x3c CMakeFiles/motor_test.elf.dir/Drivers/STM32F4xx_HAL_Driver/Src/stm32f4xx_hal_rcc.c.obj
                0x08001824                HAL_RCC_GetClockConfig
 .text.HAL_TIM_Base_MspInit
                0x08001860        0x2 CMakeFiles/motor_test.elf.dir/Drivers/STM32F4xx_HAL_Driver/Src/stm32f4xx_hal_tim.c.obj
                0x08001860                HAL_TIM_Base_MspInit
 *fill*         0x08001862        0x2 
 .text.HAL_TIM_Base_Start_IT
                0x08001864       0x88 CMakeFiles/motor_test.elf.dir/Drivers/STM32F4xx_HAL_Driver/Src/stm32f4xx_hal_tim.c.obj
                0x08001864                HAL_TIM_Base_Start_IT
 .text.HAL_TIM_OC_DelayElapsedCallback
                0x080018ec        0x2 CMakeFiles/motor_test.elf.dir/Drivers/STM32F4xx_HAL_Driver/Src/stm32f4xx_hal_tim.c.obj
                0x080018ec                HAL_TIM_OC_DelayElapsedCallback
 .text.HAL_TIM_IC_CaptureCallback
                0x080018ee        0x2 CMakeFiles/motor_test.elf.dir/Drivers/STM32F4xx_HAL_Driver/Src/stm32f4xx_hal_tim.c.obj
                0x080018ee                HAL_TIM_IC_CaptureCallback
 .text.HAL_TIM_PWM_PulseFinishedCallback
                0x080018f0        0x2 CMakeFiles/motor_test.elf.dir/Drivers/STM32F4xx_HAL_Driver/Src/stm32f4xx_hal_tim.c.obj
                0x080018f0                HAL_TIM_PWM_PulseFinishedCallback
 .text.HAL_TIM_TriggerCallback
                0x080018f2        0x2 CMakeFiles/motor_test.elf.dir/Drivers/STM32F4xx_HAL_Driver/Src/stm32f4xx_hal_tim.c.obj
                0x080018f2                HAL_TIM_TriggerCallback
 .text.HAL_TIM_IRQHandler
                0x080018f4      0x17a CMakeFiles/motor_test.elf.dir/Drivers/STM32F4xx_HAL_Driver/Src/stm32f4xx_hal_tim.c.obj
                0x080018f4                HAL_TIM_IRQHandler
 *fill*         0x08001a6e        0x2 
 .text.TIM_Base_SetConfig
                0x08001a70       0xc8 CMakeFiles/motor_test.elf.dir/Drivers/STM32F4xx_HAL_Driver/Src/stm32f4xx_hal_tim.c.obj
                0x08001a70                TIM_Base_SetConfig
 .text.HAL_TIM_Base_Init
                0x08001b38       0x58 CMakeFiles/motor_test.elf.dir/Drivers/STM32F4xx_HAL_Driver/Src/stm32f4xx_hal_tim.c.obj
                0x08001b38                HAL_TIM_Base_Init
 .text.HAL_TIMEx_CommutCallback
                0x08001b90        0x2 CMakeFiles/motor_test.elf.dir/Drivers/STM32F4xx_HAL_Driver/Src/stm32f4xx_hal_tim_ex.c.obj
                0x08001b90                HAL_TIMEx_CommutCallback
 .text.HAL_TIMEx_BreakCallback
                0x08001b92        0x2 CMakeFiles/motor_test.elf.dir/Drivers/STM32F4xx_HAL_Driver/Src/stm32f4xx_hal_tim_ex.c.obj
                0x08001b92                HAL_TIMEx_BreakCallback
 .text.makeFreeRtosPriority
                0x08001b94        0xc CMakeFiles/motor_test.elf.dir/Middlewares/Third_Party/FreeRTOS/Source/CMSIS_RTOS/cmsis_os.c.obj
 .text.osKernelStart
                0x08001ba0        0xa CMakeFiles/motor_test.elf.dir/Middlewares/Third_Party/FreeRTOS/Source/CMSIS_RTOS/cmsis_os.c.obj
                0x08001ba0                osKernelStart
 .text.osThreadCreate
                0x08001baa       0x6a CMakeFiles/motor_test.elf.dir/Middlewares/Third_Party/FreeRTOS/Source/CMSIS_RTOS/cmsis_os.c.obj
                0x08001baa                osThreadCreate
 .text.osDelay  0x08001c14        0xe CMakeFiles/motor_test.elf.dir/Middlewares/Third_Party/FreeRTOS/Source/CMSIS_RTOS/cmsis_os.c.obj
                0x08001c14                osDelay
 .text.vListInitialise
                0x08001c22       0x16 CMakeFiles/motor_test.elf.dir/Middlewares/Third_Party/FreeRTOS/Source/list.c.obj
                0x08001c22                vListInitialise
 .text.vListInitialiseItem
                0x08001c38        0x6 CMakeFiles/motor_test.elf.dir/Middlewares/Third_Party/FreeRTOS/Source/list.c.obj
                0x08001c38                vListInitialiseItem
 .text.vListInsertEnd
                0x08001c3e       0x16 CMakeFiles/motor_test.elf.dir/Middlewares/Third_Party/FreeRTOS/Source/list.c.obj
                0x08001c3e                vListInsertEnd
 .text.vListInsert
                0x08001c54       0x32 CMakeFiles/motor_test.elf.dir/Middlewares/Third_Party/FreeRTOS/Source/list.c.obj
                0x08001c54                vListInsert
 .text.uxListRemove
                0x08001c86       0x26 CMakeFiles/motor_test.elf.dir/Middlewares/Third_Party/FreeRTOS/Source/list.c.obj
                0x08001c86                uxListRemove
 .text.prvTaskExitError
                0x08001cac       0x40 CMakeFiles/motor_test.elf.dir/Middlewares/Third_Party/FreeRTOS/Source/portable/GCC/ARM_CM4F/port.c.obj
 .text.prvPortStartFirstTask
                0x08001cec       0x28 CMakeFiles/motor_test.elf.dir/Middlewares/Third_Party/FreeRTOS/Source/portable/GCC/ARM_CM4F/port.c.obj
 .text.vPortEnableVFP
                0x08001d14       0x14 CMakeFiles/motor_test.elf.dir/Middlewares/Third_Party/FreeRTOS/Source/portable/GCC/ARM_CM4F/port.c.obj
 .text.pxPortInitialiseStack
                0x08001d28       0x2c CMakeFiles/motor_test.elf.dir/Middlewares/Third_Party/FreeRTOS/Source/portable/GCC/ARM_CM4F/port.c.obj
                0x08001d28                pxPortInitialiseStack
 *fill*         0x08001d54        0xc 
 .text.SVC_Handler
                0x08001d60       0x24 CMakeFiles/motor_test.elf.dir/Middlewares/Third_Party/FreeRTOS/Source/portable/GCC/ARM_CM4F/port.c.obj
                0x08001d60                SVC_Handler
 .text.vPortEnterCritical
                0x08001d84       0x44 CMakeFiles/motor_test.elf.dir/Middlewares/Third_Party/FreeRTOS/Source/portable/GCC/ARM_CM4F/port.c.obj
                0x08001d84                vPortEnterCritical
 .text.vPortExitCritical
                0x08001dc8       0x2c CMakeFiles/motor_test.elf.dir/Middlewares/Third_Party/FreeRTOS/Source/portable/GCC/ARM_CM4F/port.c.obj
                0x08001dc8                vPortExitCritical
 *fill*         0x08001df4        0xc 
 .text.PendSV_Handler
                0x08001e00       0x64 CMakeFiles/motor_test.elf.dir/Middlewares/Third_Party/FreeRTOS/Source/portable/GCC/ARM_CM4F/port.c.obj
                0x08001e00                PendSV_Handler
 .text.SysTick_Handler
                0x08001e64       0x2c CMakeFiles/motor_test.elf.dir/Middlewares/Third_Party/FreeRTOS/Source/portable/GCC/ARM_CM4F/port.c.obj
                0x08001e64                SysTick_Handler
 .text.vPortSetupTimerInterrupt
                0x08001e90       0x28 CMakeFiles/motor_test.elf.dir/Middlewares/Third_Party/FreeRTOS/Source/portable/GCC/ARM_CM4F/port.c.obj
                0x08001e90                vPortSetupTimerInterrupt
 .text.xPortStartScheduler
                0x08001eb8      0x118 CMakeFiles/motor_test.elf.dir/Middlewares/Third_Party/FreeRTOS/Source/portable/GCC/ARM_CM4F/port.c.obj
                0x08001eb8                xPortStartScheduler
 .text.vPortValidateInterruptPriority
                0x08001fd0       0x5c CMakeFiles/motor_test.elf.dir/Middlewares/Third_Party/FreeRTOS/Source/portable/GCC/ARM_CM4F/port.c.obj
                0x08001fd0                vPortValidateInterruptPriority
 .text.prvHeapInit
                0x0800202c       0x64 CMakeFiles/motor_test.elf.dir/Middlewares/Third_Party/FreeRTOS/Source/portable/MemMang/heap_4.c.obj
 .text.prvInsertBlockIntoFreeList
                0x08002090       0x64 CMakeFiles/motor_test.elf.dir/Middlewares/Third_Party/FreeRTOS/Source/portable/MemMang/heap_4.c.obj
 .text.pvPortMalloc
                0x080020f4       0xfc CMakeFiles/motor_test.elf.dir/Middlewares/Third_Party/FreeRTOS/Source/portable/MemMang/heap_4.c.obj
                0x080020f4                pvPortMalloc
 .text.vPortFree
                0x080021f0       0x7c CMakeFiles/motor_test.elf.dir/Middlewares/Third_Party/FreeRTOS/Source/portable/MemMang/heap_4.c.obj
                0x080021f0                vPortFree
 .text.prvIsQueueFull
                0x0800226c       0x1e CMakeFiles/motor_test.elf.dir/Middlewares/Third_Party/FreeRTOS/Source/queue.c.obj
 .text.prvIsQueueEmpty
                0x0800228a       0x1a CMakeFiles/motor_test.elf.dir/Middlewares/Third_Party/FreeRTOS/Source/queue.c.obj
 .text.prvCopyDataToQueue
                0x080022a4       0x76 CMakeFiles/motor_test.elf.dir/Middlewares/Third_Party/FreeRTOS/Source/queue.c.obj
 .text.prvCopyDataFromQueue
                0x0800231a       0x24 CMakeFiles/motor_test.elf.dir/Middlewares/Third_Party/FreeRTOS/Source/queue.c.obj
 .text.prvUnlockQueue
                0x0800233e       0x6e CMakeFiles/motor_test.elf.dir/Middlewares/Third_Party/FreeRTOS/Source/queue.c.obj
 .text.xQueueGenericReset
                0x080023ac       0x84 CMakeFiles/motor_test.elf.dir/Middlewares/Third_Party/FreeRTOS/Source/queue.c.obj
                0x080023ac                xQueueGenericReset
 .text.prvInitialiseNewQueue
                0x08002430       0x1c CMakeFiles/motor_test.elf.dir/Middlewares/Third_Party/FreeRTOS/Source/queue.c.obj
 .text.xQueueGenericCreateStatic
                0x0800244c       0x94 CMakeFiles/motor_test.elf.dir/Middlewares/Third_Party/FreeRTOS/Source/queue.c.obj
                0x0800244c                xQueueGenericCreateStatic
 .text.xQueueGenericSend
                0x080024e0      0x188 CMakeFiles/motor_test.elf.dir/Middlewares/Third_Party/FreeRTOS/Source/queue.c.obj
                0x080024e0                xQueueGenericSend
 .text.xQueueGenericSendFromISR
                0x08002668       0xce CMakeFiles/motor_test.elf.dir/Middlewares/Third_Party/FreeRTOS/Source/queue.c.obj
                0x08002668                xQueueGenericSendFromISR
 .text.xQueueReceive
                0x08002736      0x15e CMakeFiles/motor_test.elf.dir/Middlewares/Third_Party/FreeRTOS/Source/queue.c.obj
                0x08002736                xQueueReceive
 .text.vQueueAddToRegistry
                0x08002894       0x28 CMakeFiles/motor_test.elf.dir/Middlewares/Third_Party/FreeRTOS/Source/queue.c.obj
                0x08002894                vQueueAddToRegistry
 .text.vQueueWaitForMessageRestricted
                0x080028bc       0x52 CMakeFiles/motor_test.elf.dir/Middlewares/Third_Party/FreeRTOS/Source/queue.c.obj
                0x080028bc                vQueueWaitForMessageRestricted
 *fill*         0x0800290e        0x2 
 .text.prvResetNextTaskUnblockTime
                0x08002910       0x2c CMakeFiles/motor_test.elf.dir/Middlewares/Third_Party/FreeRTOS/Source/tasks.c.obj
 .text.prvInitialiseNewTask
                0x0800293c       0xfe CMakeFiles/motor_test.elf.dir/Middlewares/Third_Party/FreeRTOS/Source/tasks.c.obj
 *fill*         0x08002a3a        0x2 
 .text.prvInitialiseTaskLists
                0x08002a3c       0x68 CMakeFiles/motor_test.elf.dir/Middlewares/Third_Party/FreeRTOS/Source/tasks.c.obj
 .text.prvAddNewTaskToReadyList
                0x08002aa4       0xa8 CMakeFiles/motor_test.elf.dir/Middlewares/Third_Party/FreeRTOS/Source/tasks.c.obj
 .text.prvDeleteTCB
                0x08002b4c       0x40 CMakeFiles/motor_test.elf.dir/Middlewares/Third_Party/FreeRTOS/Source/tasks.c.obj
 .text.prvCheckTasksWaitingTermination
                0x08002b8c       0x4c CMakeFiles/motor_test.elf.dir/Middlewares/Third_Party/FreeRTOS/Source/tasks.c.obj
 .text.prvIdleTask
                0x08002bd8       0x28 CMakeFiles/motor_test.elf.dir/Middlewares/Third_Party/FreeRTOS/Source/tasks.c.obj
 .text.prvAddCurrentTaskToDelayedList
                0x08002c00       0x98 CMakeFiles/motor_test.elf.dir/Middlewares/Third_Party/FreeRTOS/Source/tasks.c.obj
 .text.xTaskCreateStatic
                0x08002c98       0x7a CMakeFiles/motor_test.elf.dir/Middlewares/Third_Party/FreeRTOS/Source/tasks.c.obj
                0x08002c98                xTaskCreateStatic
 .text.xTaskCreate
                0x08002d12       0x6a CMakeFiles/motor_test.elf.dir/Middlewares/Third_Party/FreeRTOS/Source/tasks.c.obj
                0x08002d12                xTaskCreate
 .text.vTaskStartScheduler
                0x08002d7c       0xac CMakeFiles/motor_test.elf.dir/Middlewares/Third_Party/FreeRTOS/Source/tasks.c.obj
                0x08002d7c                vTaskStartScheduler
 .text.vTaskSuspendAll
                0x08002e28       0x10 CMakeFiles/motor_test.elf.dir/Middlewares/Third_Party/FreeRTOS/Source/tasks.c.obj
                0x08002e28                vTaskSuspendAll
 .text.xTaskGetTickCount
                0x08002e38        0xc CMakeFiles/motor_test.elf.dir/Middlewares/Third_Party/FreeRTOS/Source/tasks.c.obj
                0x08002e38                xTaskGetTickCount
 .text.xTaskIncrementTick
                0x08002e44      0x118 CMakeFiles/motor_test.elf.dir/Middlewares/Third_Party/FreeRTOS/Source/tasks.c.obj
                0x08002e44                xTaskIncrementTick
 .text.xTaskResumeAll
                0x08002f5c       0xf8 CMakeFiles/motor_test.elf.dir/Middlewares/Third_Party/FreeRTOS/Source/tasks.c.obj
                0x08002f5c                xTaskResumeAll
 .text.vTaskDelay
                0x08003054       0x4c CMakeFiles/motor_test.elf.dir/Middlewares/Third_Party/FreeRTOS/Source/tasks.c.obj
                0x08003054                vTaskDelay
 .text.vTaskSwitchContext
                0x080030a0       0xa4 CMakeFiles/motor_test.elf.dir/Middlewares/Third_Party/FreeRTOS/Source/tasks.c.obj
                0x080030a0                vTaskSwitchContext
 .text.vTaskPlaceOnEventList
                0x08003144       0x30 CMakeFiles/motor_test.elf.dir/Middlewares/Third_Party/FreeRTOS/Source/tasks.c.obj
                0x08003144                vTaskPlaceOnEventList
 .text.vTaskPlaceOnEventListRestricted
                0x08003174       0x38 CMakeFiles/motor_test.elf.dir/Middlewares/Third_Party/FreeRTOS/Source/tasks.c.obj
                0x08003174                vTaskPlaceOnEventListRestricted
 .text.xTaskRemoveFromEventList
                0x080031ac       0x8c CMakeFiles/motor_test.elf.dir/Middlewares/Third_Party/FreeRTOS/Source/tasks.c.obj
                0x080031ac                xTaskRemoveFromEventList
 .text.vTaskInternalSetTimeOutState
                0x08003238       0x18 CMakeFiles/motor_test.elf.dir/Middlewares/Third_Party/FreeRTOS/Source/tasks.c.obj
                0x08003238                vTaskInternalSetTimeOutState
 .text.xTaskCheckForTimeOut
                0x08003250       0x84 CMakeFiles/motor_test.elf.dir/Middlewares/Third_Party/FreeRTOS/Source/tasks.c.obj
                0x08003250                xTaskCheckForTimeOut
 .text.vTaskMissedYield
                0x080032d4        0xc CMakeFiles/motor_test.elf.dir/Middlewares/Third_Party/FreeRTOS/Source/tasks.c.obj
                0x080032d4                vTaskMissedYield
 .text.xTaskGetSchedulerState
                0x080032e0       0x20 CMakeFiles/motor_test.elf.dir/Middlewares/Third_Party/FreeRTOS/Source/tasks.c.obj
                0x080032e0                xTaskGetSchedulerState
 .text.xTaskPriorityDisinherit
                0x08003300       0xb4 CMakeFiles/motor_test.elf.dir/Middlewares/Third_Party/FreeRTOS/Source/tasks.c.obj
                0x08003300                xTaskPriorityDisinherit
 .text.prvGetNextExpireTime
                0x080033b4       0x20 CMakeFiles/motor_test.elf.dir/Middlewares/Third_Party/FreeRTOS/Source/timers.c.obj
 .text.prvInsertTimerInActiveList
                0x080033d4       0x48 CMakeFiles/motor_test.elf.dir/Middlewares/Third_Party/FreeRTOS/Source/timers.c.obj
 .text.prvCheckForValidListAndQueue
                0x0800341c       0x70 CMakeFiles/motor_test.elf.dir/Middlewares/Third_Party/FreeRTOS/Source/timers.c.obj
 .text.xTimerCreateTimerTask
                0x0800348c       0x64 CMakeFiles/motor_test.elf.dir/Middlewares/Third_Party/FreeRTOS/Source/timers.c.obj
                0x0800348c                xTimerCreateTimerTask
 .text.xTimerGenericCommand
                0x080034f0       0x6c CMakeFiles/motor_test.elf.dir/Middlewares/Third_Party/FreeRTOS/Source/timers.c.obj
                0x080034f0                xTimerGenericCommand
 .text.prvSwitchTimerLists
                0x0800355c       0x7c CMakeFiles/motor_test.elf.dir/Middlewares/Third_Party/FreeRTOS/Source/timers.c.obj
 .text.prvSampleTimeNow
                0x080035d8       0x2c CMakeFiles/motor_test.elf.dir/Middlewares/Third_Party/FreeRTOS/Source/timers.c.obj
 .text.prvProcessExpiredTimer
                0x08003604       0x6c CMakeFiles/motor_test.elf.dir/Middlewares/Third_Party/FreeRTOS/Source/timers.c.obj
 .text.prvProcessTimerOrBlockTask
                0x08003670       0x74 CMakeFiles/motor_test.elf.dir/Middlewares/Third_Party/FreeRTOS/Source/timers.c.obj
 .text.prvProcessReceivedCommands
                0x080036e4       0xfc CMakeFiles/motor_test.elf.dir/Middlewares/Third_Party/FreeRTOS/Source/timers.c.obj
 .text.prvTimerTask
                0x080037e0       0x16 CMakeFiles/motor_test.elf.dir/Middlewares/Third_Party/FreeRTOS/Source/timers.c.obj
 *fill*         0x080037f6        0x2 
 .text.__errno  0x080037f8        0xc d:/102021~1.10/bin/../lib/gcc/arm-none-eabi/10.3.1/../../../../arm-none-eabi/lib/thumb/v7e-m+fp/hard\libg.a(lib_a-errno.o)
                0x080037f8                __errno
 .text.__libc_init_array
                0x08003804       0x48 d:/102021~1.10/bin/../lib/gcc/arm-none-eabi/10.3.1/../../../../arm-none-eabi/lib/thumb/v7e-m+fp/hard\libg.a(lib_a-init.o)
                0x08003804                __libc_init_array
 .text.memset   0x0800384c       0xa4 d:/102021~1.10/bin/../lib/gcc/arm-none-eabi/10.3.1/../../../../arm-none-eabi/lib/thumb/v7e-m+fp/hard\libg.a(lib_a-memset.o)
                0x0800384c                memset
 .text.cleanup_glue
                0x080038f0       0x48 d:/102021~1.10/bin/../lib/gcc/arm-none-eabi/10.3.1/../../../../arm-none-eabi/lib/thumb/v7e-m+fp/hard\libg.a(lib_a-reent.o)
                0x080038f0                cleanup_glue
 .text._reclaim_reent
                0x08003938       0x90 d:/102021~1.10/bin/../lib/gcc/arm-none-eabi/10.3.1/../../../../arm-none-eabi/lib/thumb/v7e-m+fp/hard\libg.a(lib_a-reent.o)
                0x08003938                _reclaim_reent
 .text.startup.register_fini
                0x080039c8       0x14 d:/102021~1.10/bin/../lib/gcc/arm-none-eabi/10.3.1/../../../../arm-none-eabi/lib/thumb/v7e-m+fp/hard\libg.a(lib_a-__call_atexit.o)
 .text.atexit   0x080039dc        0xc d:/102021~1.10/bin/../lib/gcc/arm-none-eabi/10.3.1/../../../../arm-none-eabi/lib/thumb/v7e-m+fp/hard\libg.a(lib_a-atexit.o)
                0x080039dc                atexit
 .text.__libc_fini_array
                0x080039e8       0x2c d:/102021~1.10/bin/../lib/gcc/arm-none-eabi/10.3.1/../../../../arm-none-eabi/lib/thumb/v7e-m+fp/hard\libg.a(lib_a-fini.o)
                0x080039e8                __libc_fini_array
 .text._malloc_trim_r
                0x08003a14       0xa0 d:/102021~1.10/bin/../lib/gcc/arm-none-eabi/10.3.1/../../../../arm-none-eabi/lib/thumb/v7e-m+fp/hard\libg.a(lib_a-freer.o)
                0x08003a14                _malloc_trim_r
 .text._free_r  0x08003ab4      0x20c d:/102021~1.10/bin/../lib/gcc/arm-none-eabi/10.3.1/../../../../arm-none-eabi/lib/thumb/v7e-m+fp/hard\libg.a(lib_a-freer.o)
                0x08003ab4                _free_r
 .text.__retarget_lock_acquire_recursive
                0x08003cc0        0x4 d:/102021~1.10/bin/../lib/gcc/arm-none-eabi/10.3.1/../../../../arm-none-eabi/lib/thumb/v7e-m+fp/hard\libg.a(lib_a-lock.o)
                0x08003cc0                __retarget_lock_acquire_recursive
 .text.__retarget_lock_release_recursive
                0x08003cc4        0x4 d:/102021~1.10/bin/../lib/gcc/arm-none-eabi/10.3.1/../../../../arm-none-eabi/lib/thumb/v7e-m+fp/hard\libg.a(lib_a-lock.o)
                0x08003cc4                __retarget_lock_release_recursive
 .text.__malloc_lock
                0x08003cc8        0xc d:/102021~1.10/bin/../lib/gcc/arm-none-eabi/10.3.1/../../../../arm-none-eabi/lib/thumb/v7e-m+fp/hard\libg.a(lib_a-mlock.o)
                0x08003cc8                __malloc_lock
 .text.__malloc_unlock
                0x08003cd4        0xc d:/102021~1.10/bin/../lib/gcc/arm-none-eabi/10.3.1/../../../../arm-none-eabi/lib/thumb/v7e-m+fp/hard\libg.a(lib_a-mlock.o)
                0x08003cd4                __malloc_unlock
 .text._sbrk_r  0x08003ce0       0x24 d:/102021~1.10/bin/../lib/gcc/arm-none-eabi/10.3.1/../../../../arm-none-eabi/lib/thumb/v7e-m+fp/hard\libg.a(lib_a-sbrkr.o)
                0x08003ce0                _sbrk_r
 .text.__register_exitproc
                0x08003d04       0x8c d:/102021~1.10/bin/../lib/gcc/arm-none-eabi/10.3.1/../../../../arm-none-eabi/lib/thumb/v7e-m+fp/hard\libg.a(lib_a-__atexit.o)
                0x08003d04                __register_exitproc
 *(.glue_7)
 .glue_7        0x08003d90        0x0 linker stubs
 *(.glue_7t)
 .glue_7t       0x08003d90        0x0 linker stubs
 *(.eh_frame)
 .eh_frame      0x08003d90        0x0 d:/102021~1.10/bin/../lib/gcc/arm-none-eabi/10.3.1/thumb/v7e-m+fp/hard/crtbegin.o
 *(.init)
 .init          0x08003d90        0x4 d:/102021~1.10/bin/../lib/gcc/arm-none-eabi/10.3.1/thumb/v7e-m+fp/hard/crti.o
                0x08003d90                _init
 .init          0x08003d94        0x8 d:/102021~1.10/bin/../lib/gcc/arm-none-eabi/10.3.1/thumb/v7e-m+fp/hard/crtn.o
 *(.fini)
 .fini          0x08003d9c        0x4 d:/102021~1.10/bin/../lib/gcc/arm-none-eabi/10.3.1/thumb/v7e-m+fp/hard/crti.o
                0x08003d9c                _fini
 .fini          0x08003da0        0x8 d:/102021~1.10/bin/../lib/gcc/arm-none-eabi/10.3.1/thumb/v7e-m+fp/hard/crtn.o
                0x08003da8                . = ALIGN (0x4)
                0x08003da8                _etext = .

.vfp11_veneer   0x08003da8        0x0
 .vfp11_veneer  0x08003da8        0x0 linker stubs

.v4_bx          0x08003da8        0x0
 .v4_bx         0x08003da8        0x0 linker stubs

.iplt           0x08003da8        0x0
 .iplt          0x08003da8        0x0 d:/102021~1.10/bin/../lib/gcc/arm-none-eabi/10.3.1/thumb/v7e-m+fp/hard/crtbegin.o

.rodata         0x08003da8       0x84
                0x08003da8                . = ALIGN (0x4)
 *(.rodata)
 .rodata        0x08003da8       0x38 CMakeFiles/motor_test.elf.dir/Core/Src/freertos.c.obj
 *(.rodata*)
 .rodata.str1.4
                0x08003de0       0x15 CMakeFiles/motor_test.elf.dir/Core/Src/freertos.c.obj
 *fill*         0x08003df5        0x3 
 .rodata.AHBPrescTable
                0x08003df8       0x10 CMakeFiles/motor_test.elf.dir/Core/Src/system_stm32f4xx.c.obj
                0x08003df8                AHBPrescTable
 .rodata.APBPrescTable
                0x08003e08        0x8 CMakeFiles/motor_test.elf.dir/Core/Src/system_stm32f4xx.c.obj
                0x08003e08                APBPrescTable
 .rodata.vTaskStartScheduler.str1.4
                0x08003e10        0x5 CMakeFiles/motor_test.elf.dir/Middlewares/Third_Party/FreeRTOS/Source/tasks.c.obj
 *fill*         0x08003e15        0x3 
 .rodata.prvCheckForValidListAndQueue.str1.4
                0x08003e18        0x5 CMakeFiles/motor_test.elf.dir/Middlewares/Third_Party/FreeRTOS/Source/timers.c.obj
 *fill*         0x08003e1d        0x3 
 .rodata.xTimerCreateTimerTask.str1.4
                0x08003e20        0x8 CMakeFiles/motor_test.elf.dir/Middlewares/Third_Party/FreeRTOS/Source/timers.c.obj
 .rodata._global_impure_ptr
                0x08003e28        0x4 d:/102021~1.10/bin/../lib/gcc/arm-none-eabi/10.3.1/../../../../arm-none-eabi/lib/thumb/v7e-m+fp/hard\libg.a(lib_a-impure.o)
                0x08003e28                _global_impure_ptr
                0x08003e2c                . = ALIGN (0x4)

.ARM.extab      0x08003e2c        0x0
                0x08003e2c                . = ALIGN (0x4)
 *(.ARM.extab* .gnu.linkonce.armextab.*)
                0x08003e2c                . = ALIGN (0x4)

.ARM            0x08003e2c        0x8
                0x08003e2c                . = ALIGN (0x4)
                0x08003e2c                __exidx_start = .
 *(.ARM.exidx*)
 .ARM.exidx     0x08003e2c        0x8 d:/102021~1.10/bin/../lib/gcc/arm-none-eabi/10.3.1/thumb/v7e-m+fp/hard\libgcc.a(_udivmoddi4.o)
                0x08003e34                __exidx_end = .
                0x08003e34                . = ALIGN (0x4)

.rel.dyn        0x08003e34        0x0
 .rel.iplt      0x08003e34        0x0 d:/102021~1.10/bin/../lib/gcc/arm-none-eabi/10.3.1/thumb/v7e-m+fp/hard/crtbegin.o

.preinit_array  0x08003e34        0x0
                0x08003e34                . = ALIGN (0x4)
                0x08003e34                PROVIDE (__preinit_array_start = .)
 *(.preinit_array*)
                0x08003e34                PROVIDE (__preinit_array_end = .)
                0x08003e34                . = ALIGN (0x4)

.init_array     0x08003e34        0x8
                0x08003e34                . = ALIGN (0x4)
                0x08003e34                PROVIDE (__init_array_start = .)
 *(SORT_BY_NAME(.init_array.*))
 .init_array.00000
                0x08003e34        0x4 d:/102021~1.10/bin/../lib/gcc/arm-none-eabi/10.3.1/../../../../arm-none-eabi/lib/thumb/v7e-m+fp/hard\libg.a(lib_a-__call_atexit.o)
 *(.init_array*)
 .init_array    0x08003e38        0x4 d:/102021~1.10/bin/../lib/gcc/arm-none-eabi/10.3.1/thumb/v7e-m+fp/hard/crtbegin.o
                0x08003e3c                PROVIDE (__init_array_end = .)
                0x08003e3c                . = ALIGN (0x4)

.fini_array     0x08003e3c        0x4
                0x08003e3c                . = ALIGN (0x4)
                0x08003e3c                PROVIDE (__fini_array_start = .)
 *(SORT_BY_NAME(.fini_array.*))
 *(.fini_array*)
 .fini_array    0x08003e3c        0x4 d:/102021~1.10/bin/../lib/gcc/arm-none-eabi/10.3.1/thumb/v7e-m+fp/hard/crtbegin.o
                0x08003e40                PROVIDE (__fini_array_end = .)
                0x08003e40                . = ALIGN (0x4)
                0x08003e40                _sidata = LOADADDR (.data)

.data           0x20000000      0x854 load address 0x08003e40
                0x20000000                . = ALIGN (0x4)
                0x20000000                _sdata = .
 *(.data)
 *(.data*)
 .data.SystemCoreClock
                0x20000000        0x4 CMakeFiles/motor_test.elf.dir/Core/Src/system_stm32f4xx.c.obj
                0x20000000                SystemCoreClock
 .data.uwTickFreq
                0x20000004        0x1 CMakeFiles/motor_test.elf.dir/Drivers/STM32F4xx_HAL_Driver/Src/stm32f4xx_hal.c.obj
                0x20000004                uwTickFreq
 *fill*         0x20000005        0x3 
 .data.uwTickPrio
                0x20000008        0x4 CMakeFiles/motor_test.elf.dir/Drivers/STM32F4xx_HAL_Driver/Src/stm32f4xx_hal.c.obj
                0x20000008                uwTickPrio
 .data.uxCriticalNesting
                0x2000000c        0x4 CMakeFiles/motor_test.elf.dir/Middlewares/Third_Party/FreeRTOS/Source/portable/GCC/ARM_CM4F/port.c.obj
 .data._impure_ptr
                0x20000010        0x4 d:/102021~1.10/bin/../lib/gcc/arm-none-eabi/10.3.1/../../../../arm-none-eabi/lib/thumb/v7e-m+fp/hard\libg.a(lib_a-impure.o)
                0x20000010                _impure_ptr
 *fill*         0x20000014        0x4 
 .data.impure_data
                0x20000018      0x428 d:/102021~1.10/bin/../lib/gcc/arm-none-eabi/10.3.1/../../../../arm-none-eabi/lib/thumb/v7e-m+fp/hard\libg.a(lib_a-impure.o)
 .data.__atexit_recursive_mutex
                0x20000440        0x4 d:/102021~1.10/bin/../lib/gcc/arm-none-eabi/10.3.1/../../../../arm-none-eabi/lib/thumb/v7e-m+fp/hard\libg.a(lib_a-__call_atexit.o)
                0x20000440                __atexit_recursive_mutex
 .data.__malloc_av_
                0x20000444      0x408 d:/102021~1.10/bin/../lib/gcc/arm-none-eabi/10.3.1/../../../../arm-none-eabi/lib/thumb/v7e-m+fp/hard\libg.a(lib_a-mallocr.o)
                0x20000444                __malloc_av_
 .data.__malloc_sbrk_base
                0x2000084c        0x4 d:/102021~1.10/bin/../lib/gcc/arm-none-eabi/10.3.1/../../../../arm-none-eabi/lib/thumb/v7e-m+fp/hard\libg.a(lib_a-mallocr.o)
                0x2000084c                __malloc_sbrk_base
 .data.__malloc_trim_threshold
                0x20000850        0x4 d:/102021~1.10/bin/../lib/gcc/arm-none-eabi/10.3.1/../../../../arm-none-eabi/lib/thumb/v7e-m+fp/hard\libg.a(lib_a-mallocr.o)
                0x20000850                __malloc_trim_threshold
 *(.RamFunc)
 *(.RamFunc*)
                0x20000854                . = ALIGN (0x4)
                0x20000854                _edata = .
                0x08004694                _siccmram = LOADADDR (.ccmram)

.igot.plt       0x20000854        0x0 load address 0x08004694
 .igot.plt      0x20000854        0x0 d:/102021~1.10/bin/../lib/gcc/arm-none-eabi/10.3.1/thumb/v7e-m+fp/hard/crtbegin.o

.ccmram         0x10000000        0x0 load address 0x08004694
                0x10000000                . = ALIGN (0x4)
                0x10000000                _sccmram = .
 *(.ccmram)
 *(.ccmram*)
                0x10000000                . = ALIGN (0x4)
                0x10000000                _eccmram = .
                0x10000000                . = ALIGN (0x4)

.bss            0x20000858     0x7290
                0x20000858                _sbss = .
                0x20000858                __bss_start__ = _sbss
 *(.bss)
 .bss           0x20000858       0x1c d:/102021~1.10/bin/../lib/gcc/arm-none-eabi/10.3.1/thumb/v7e-m+fp/hard/crtbegin.o
 *(.bss*)
 .bss.HAL_RCC_CAN1_CLK_ENABLED
                0x20000874        0x4 CMakeFiles/motor_test.elf.dir/Core/Src/can.c.obj
 .bss.hcan1     0x20000878       0x28 CMakeFiles/motor_test.elf.dir/Core/Src/can.c.obj
                0x20000878                hcan1
 .bss.hcan2     0x200008a0       0x28 CMakeFiles/motor_test.elf.dir/Core/Src/can.c.obj
                0x200008a0                hcan2
 .bss.defaultTaskHandle
                0x200008c8        0x4 CMakeFiles/motor_test.elf.dir/Core/Src/freertos.c.obj
                0x200008c8                defaultTaskHandle
 .bss.myTask02Handle
                0x200008cc        0x4 CMakeFiles/motor_test.elf.dir/Core/Src/freertos.c.obj
                0x200008cc                myTask02Handle
 .bss.xIdleStack
                0x200008d0      0x200 CMakeFiles/motor_test.elf.dir/Core/Src/freertos.c.obj
 .bss.xIdleTaskTCBBuffer
                0x20000ad0      0x480 CMakeFiles/motor_test.elf.dir/Core/Src/freertos.c.obj
 .bss.xTimerStack
                0x20000f50      0x400 CMakeFiles/motor_test.elf.dir/Core/Src/freertos.c.obj
 .bss.xTimerTaskTCBBuffer
                0x20001350      0x480 CMakeFiles/motor_test.elf.dir/Core/Src/freertos.c.obj
 .bss.htim1     0x200017d0       0x48 CMakeFiles/motor_test.elf.dir/Core/Src/stm32f4xx_hal_timebase_tim.c.obj
                0x200017d0                htim1
 .bss.__sbrk_heap_end
                0x20001818        0x4 CMakeFiles/motor_test.elf.dir/Core/Src/sysmem.c.obj
 .bss.uwTick    0x2000181c        0x4 CMakeFiles/motor_test.elf.dir/Drivers/STM32F4xx_HAL_Driver/Src/stm32f4xx_hal.c.obj
                0x2000181c                uwTick
 .bss.ucMaxSysCallPriority
                0x20001820        0x1 CMakeFiles/motor_test.elf.dir/Middlewares/Third_Party/FreeRTOS/Source/portable/GCC/ARM_CM4F/port.c.obj
 *fill*         0x20001821        0x3 
 .bss.ulMaxPRIGROUPValue
                0x20001824        0x4 CMakeFiles/motor_test.elf.dir/Middlewares/Third_Party/FreeRTOS/Source/portable/GCC/ARM_CM4F/port.c.obj
 .bss.pxEnd     0x20001828        0x4 CMakeFiles/motor_test.elf.dir/Middlewares/Third_Party/FreeRTOS/Source/portable/MemMang/heap_4.c.obj
 .bss.ucHeap    0x2000182c     0x6000 CMakeFiles/motor_test.elf.dir/Middlewares/Third_Party/FreeRTOS/Source/portable/MemMang/heap_4.c.obj
 .bss.xBlockAllocatedBit
                0x2000782c        0x4 CMakeFiles/motor_test.elf.dir/Middlewares/Third_Party/FreeRTOS/Source/portable/MemMang/heap_4.c.obj
 .bss.xFreeBytesRemaining
                0x20007830        0x4 CMakeFiles/motor_test.elf.dir/Middlewares/Third_Party/FreeRTOS/Source/portable/MemMang/heap_4.c.obj
 .bss.xMinimumEverFreeBytesRemaining
                0x20007834        0x4 CMakeFiles/motor_test.elf.dir/Middlewares/Third_Party/FreeRTOS/Source/portable/MemMang/heap_4.c.obj
 .bss.xNumberOfSuccessfulAllocations
                0x20007838        0x4 CMakeFiles/motor_test.elf.dir/Middlewares/Third_Party/FreeRTOS/Source/portable/MemMang/heap_4.c.obj
 .bss.xNumberOfSuccessfulFrees
                0x2000783c        0x4 CMakeFiles/motor_test.elf.dir/Middlewares/Third_Party/FreeRTOS/Source/portable/MemMang/heap_4.c.obj
 .bss.xStart    0x20007840        0x8 CMakeFiles/motor_test.elf.dir/Middlewares/Third_Party/FreeRTOS/Source/portable/MemMang/heap_4.c.obj
 .bss.xQueueRegistry
                0x20007848       0x40 CMakeFiles/motor_test.elf.dir/Middlewares/Third_Party/FreeRTOS/Source/queue.c.obj
                0x20007848                xQueueRegistry
 .bss.pxCurrentTCB
                0x20007888        0x4 CMakeFiles/motor_test.elf.dir/Middlewares/Third_Party/FreeRTOS/Source/tasks.c.obj
                0x20007888                pxCurrentTCB
 .bss.pxDelayedTaskList
                0x2000788c        0x4 CMakeFiles/motor_test.elf.dir/Middlewares/Third_Party/FreeRTOS/Source/tasks.c.obj
 .bss.pxOverflowDelayedTaskList
                0x20007890        0x4 CMakeFiles/motor_test.elf.dir/Middlewares/Third_Party/FreeRTOS/Source/tasks.c.obj
 .bss.pxReadyTasksLists
                0x20007894       0x8c CMakeFiles/motor_test.elf.dir/Middlewares/Third_Party/FreeRTOS/Source/tasks.c.obj
 .bss.uxCurrentNumberOfTasks
                0x20007920        0x4 CMakeFiles/motor_test.elf.dir/Middlewares/Third_Party/FreeRTOS/Source/tasks.c.obj
 .bss.uxDeletedTasksWaitingCleanUp
                0x20007924        0x4 CMakeFiles/motor_test.elf.dir/Middlewares/Third_Party/FreeRTOS/Source/tasks.c.obj
 .bss.uxSchedulerSuspended
                0x20007928        0x4 CMakeFiles/motor_test.elf.dir/Middlewares/Third_Party/FreeRTOS/Source/tasks.c.obj
 .bss.uxTaskNumber
                0x2000792c        0x4 CMakeFiles/motor_test.elf.dir/Middlewares/Third_Party/FreeRTOS/Source/tasks.c.obj
 .bss.uxTopReadyPriority
                0x20007930        0x4 CMakeFiles/motor_test.elf.dir/Middlewares/Third_Party/FreeRTOS/Source/tasks.c.obj
 .bss.xDelayedTaskList1
                0x20007934       0x14 CMakeFiles/motor_test.elf.dir/Middlewares/Third_Party/FreeRTOS/Source/tasks.c.obj
 .bss.xDelayedTaskList2
                0x20007948       0x14 CMakeFiles/motor_test.elf.dir/Middlewares/Third_Party/FreeRTOS/Source/tasks.c.obj
 .bss.xIdleTaskHandle
                0x2000795c        0x4 CMakeFiles/motor_test.elf.dir/Middlewares/Third_Party/FreeRTOS/Source/tasks.c.obj
 .bss.xNextTaskUnblockTime
                0x20007960        0x4 CMakeFiles/motor_test.elf.dir/Middlewares/Third_Party/FreeRTOS/Source/tasks.c.obj
 .bss.xNumOfOverflows
                0x20007964        0x4 CMakeFiles/motor_test.elf.dir/Middlewares/Third_Party/FreeRTOS/Source/tasks.c.obj
 .bss.xPendedTicks
                0x20007968        0x4 CMakeFiles/motor_test.elf.dir/Middlewares/Third_Party/FreeRTOS/Source/tasks.c.obj
 .bss.xPendingReadyList
                0x2000796c       0x14 CMakeFiles/motor_test.elf.dir/Middlewares/Third_Party/FreeRTOS/Source/tasks.c.obj
 .bss.xSchedulerRunning
                0x20007980        0x4 CMakeFiles/motor_test.elf.dir/Middlewares/Third_Party/FreeRTOS/Source/tasks.c.obj
 .bss.xSuspendedTaskList
                0x20007984       0x14 CMakeFiles/motor_test.elf.dir/Middlewares/Third_Party/FreeRTOS/Source/tasks.c.obj
 .bss.xTasksWaitingTermination
                0x20007998       0x14 CMakeFiles/motor_test.elf.dir/Middlewares/Third_Party/FreeRTOS/Source/tasks.c.obj
 .bss.xTickCount
                0x200079ac        0x4 CMakeFiles/motor_test.elf.dir/Middlewares/Third_Party/FreeRTOS/Source/tasks.c.obj
 .bss.xYieldPending
                0x200079b0        0x4 CMakeFiles/motor_test.elf.dir/Middlewares/Third_Party/FreeRTOS/Source/tasks.c.obj
 .bss.pxCurrentTimerList
                0x200079b4        0x4 CMakeFiles/motor_test.elf.dir/Middlewares/Third_Party/FreeRTOS/Source/timers.c.obj
 .bss.pxOverflowTimerList
                0x200079b8        0x4 CMakeFiles/motor_test.elf.dir/Middlewares/Third_Party/FreeRTOS/Source/timers.c.obj
 .bss.ucStaticTimerQueueStorage.1
                0x200079bc       0x78 CMakeFiles/motor_test.elf.dir/Middlewares/Third_Party/FreeRTOS/Source/timers.c.obj
 .bss.xActiveTimerList1
                0x20007a34       0x14 CMakeFiles/motor_test.elf.dir/Middlewares/Third_Party/FreeRTOS/Source/timers.c.obj
 .bss.xActiveTimerList2
                0x20007a48       0x14 CMakeFiles/motor_test.elf.dir/Middlewares/Third_Party/FreeRTOS/Source/timers.c.obj
 .bss.xLastTime.2
                0x20007a5c        0x4 CMakeFiles/motor_test.elf.dir/Middlewares/Third_Party/FreeRTOS/Source/timers.c.obj
 .bss.xStaticTimerQueue.0
                0x20007a60       0x48 CMakeFiles/motor_test.elf.dir/Middlewares/Third_Party/FreeRTOS/Source/timers.c.obj
 .bss.xTimerQueue
                0x20007aa8        0x4 CMakeFiles/motor_test.elf.dir/Middlewares/Third_Party/FreeRTOS/Source/timers.c.obj
 .bss.xTimerTaskHandle
                0x20007aac        0x4 CMakeFiles/motor_test.elf.dir/Middlewares/Third_Party/FreeRTOS/Source/timers.c.obj
 .bss.errno     0x20007ab0        0x4 d:/102021~1.10/bin/../lib/gcc/arm-none-eabi/10.3.1/../../../../arm-none-eabi/lib/thumb/v7e-m+fp/hard\libg.a(lib_a-reent.o)
                0x20007ab0                errno
 .bss.__lock___atexit_recursive_mutex
                0x20007ab4        0x1 d:/102021~1.10/bin/../lib/gcc/arm-none-eabi/10.3.1/../../../../arm-none-eabi/lib/thumb/v7e-m+fp/hard\libg.a(lib_a-lock.o)
                0x20007ab4                __lock___atexit_recursive_mutex
 *fill*         0x20007ab5        0x3 
 .bss.__lock___malloc_recursive_mutex
                0x20007ab8        0x1 d:/102021~1.10/bin/../lib/gcc/arm-none-eabi/10.3.1/../../../../arm-none-eabi/lib/thumb/v7e-m+fp/hard\libg.a(lib_a-lock.o)
                0x20007ab8                __lock___malloc_recursive_mutex
 *fill*         0x20007ab9        0x3 
 .bss.__malloc_current_mallinfo
                0x20007abc       0x28 d:/102021~1.10/bin/../lib/gcc/arm-none-eabi/10.3.1/../../../../arm-none-eabi/lib/thumb/v7e-m+fp/hard\libg.a(lib_a-mallocr.o)
                0x20007abc                __malloc_current_mallinfo
 .bss.__malloc_top_pad
                0x20007ae4        0x4 d:/102021~1.10/bin/../lib/gcc/arm-none-eabi/10.3.1/../../../../arm-none-eabi/lib/thumb/v7e-m+fp/hard\libg.a(lib_a-mallocr.o)
                0x20007ae4                __malloc_top_pad
 *(COMMON)
                0x20007ae8                . = ALIGN (0x4)
                0x20007ae8                _ebss = .
                0x20007ae8                __bss_end__ = _ebss

._user_heap_stack
                0x20007ae8      0x600
                0x20007ae8                . = ALIGN (0x8)
                [!provide]                PROVIDE (end = .)
                0x20007ae8                PROVIDE (_end = .)
                0x20007ce8                . = (. + _Min_Heap_Size)
 *fill*         0x20007ae8      0x200 
                0x200080e8                . = (. + _Min_Stack_Size)
 *fill*         0x20007ce8      0x400 
                0x200080e8                . = ALIGN (0x8)

/DISCARD/
 libc.a(*)
 libm.a(*)
 libgcc.a(*)

.ARM.attributes
                0x00000000       0x30
 *(.ARM.attributes)
 .ARM.attributes
                0x00000000       0x1e d:/102021~1.10/bin/../lib/gcc/arm-none-eabi/10.3.1/thumb/v7e-m+fp/hard/crti.o
 .ARM.attributes
                0x0000001e       0x34 d:/102021~1.10/bin/../lib/gcc/arm-none-eabi/10.3.1/thumb/v7e-m+fp/hard/crtbegin.o
 .ARM.attributes
                0x00000052       0x34 CMakeFiles/motor_test.elf.dir/Bsp/bsp_can.c.obj
 .ARM.attributes
                0x00000086       0x34 CMakeFiles/motor_test.elf.dir/Core/Src/can.c.obj
 .ARM.attributes
                0x000000ba       0x34 CMakeFiles/motor_test.elf.dir/Core/Src/freertos.c.obj
 .ARM.attributes
                0x000000ee       0x34 CMakeFiles/motor_test.elf.dir/Core/Src/gpio.c.obj
 .ARM.attributes
                0x00000122       0x34 CMakeFiles/motor_test.elf.dir/Core/Src/main.c.obj
 .ARM.attributes
                0x00000156       0x34 CMakeFiles/motor_test.elf.dir/Core/Src/stm32f4xx_hal_msp.c.obj
 .ARM.attributes
                0x0000018a       0x34 CMakeFiles/motor_test.elf.dir/Core/Src/stm32f4xx_hal_timebase_tim.c.obj
 .ARM.attributes
                0x000001be       0x34 CMakeFiles/motor_test.elf.dir/Core/Src/stm32f4xx_it.c.obj
 .ARM.attributes
                0x000001f2       0x34 CMakeFiles/motor_test.elf.dir/Core/Src/sysmem.c.obj
 .ARM.attributes
                0x00000226       0x34 CMakeFiles/motor_test.elf.dir/Core/Src/system_stm32f4xx.c.obj
 .ARM.attributes
                0x0000025a       0x21 CMakeFiles/motor_test.elf.dir/Core/Startup/startup_stm32f407ighx.s.obj
 .ARM.attributes
                0x0000027b       0x34 CMakeFiles/motor_test.elf.dir/Drivers/STM32F4xx_HAL_Driver/Src/stm32f4xx_hal.c.obj
 .ARM.attributes
                0x000002af       0x34 CMakeFiles/motor_test.elf.dir/Drivers/STM32F4xx_HAL_Driver/Src/stm32f4xx_hal_can.c.obj
 .ARM.attributes
                0x000002e3       0x34 CMakeFiles/motor_test.elf.dir/Drivers/STM32F4xx_HAL_Driver/Src/stm32f4xx_hal_cortex.c.obj
 .ARM.attributes
                0x00000317       0x34 CMakeFiles/motor_test.elf.dir/Drivers/STM32F4xx_HAL_Driver/Src/stm32f4xx_hal_gpio.c.obj
 .ARM.attributes
                0x0000034b       0x34 CMakeFiles/motor_test.elf.dir/Drivers/STM32F4xx_HAL_Driver/Src/stm32f4xx_hal_rcc.c.obj
 .ARM.attributes
                0x0000037f       0x34 CMakeFiles/motor_test.elf.dir/Drivers/STM32F4xx_HAL_Driver/Src/stm32f4xx_hal_tim.c.obj
 .ARM.attributes
                0x000003b3       0x34 CMakeFiles/motor_test.elf.dir/Drivers/STM32F4xx_HAL_Driver/Src/stm32f4xx_hal_tim_ex.c.obj
 .ARM.attributes
                0x000003e7       0x34 CMakeFiles/motor_test.elf.dir/Middlewares/Third_Party/FreeRTOS/Source/CMSIS_RTOS/cmsis_os.c.obj
 .ARM.attributes
                0x0000041b       0x34 CMakeFiles/motor_test.elf.dir/Middlewares/Third_Party/FreeRTOS/Source/list.c.obj
 .ARM.attributes
                0x0000044f       0x34 CMakeFiles/motor_test.elf.dir/Middlewares/Third_Party/FreeRTOS/Source/portable/GCC/ARM_CM4F/port.c.obj
 .ARM.attributes
                0x00000483       0x34 CMakeFiles/motor_test.elf.dir/Middlewares/Third_Party/FreeRTOS/Source/portable/MemMang/heap_4.c.obj
 .ARM.attributes
                0x000004b7       0x34 CMakeFiles/motor_test.elf.dir/Middlewares/Third_Party/FreeRTOS/Source/queue.c.obj
 .ARM.attributes
                0x000004eb       0x34 CMakeFiles/motor_test.elf.dir/Middlewares/Third_Party/FreeRTOS/Source/tasks.c.obj
 .ARM.attributes
                0x0000051f       0x34 CMakeFiles/motor_test.elf.dir/Middlewares/Third_Party/FreeRTOS/Source/timers.c.obj
 .ARM.attributes
                0x00000553       0x1e d:/102021~1.10/bin/../lib/gcc/arm-none-eabi/10.3.1/thumb/v7e-m+fp/hard\libgcc.a(_aeabi_uldivmod.o)
 .ARM.attributes
                0x00000571       0x34 d:/102021~1.10/bin/../lib/gcc/arm-none-eabi/10.3.1/thumb/v7e-m+fp/hard\libgcc.a(_udivmoddi4.o)
 .ARM.attributes
                0x000005a5       0x1e d:/102021~1.10/bin/../lib/gcc/arm-none-eabi/10.3.1/thumb/v7e-m+fp/hard\libgcc.a(_dvmd_tls.o)
 .ARM.attributes
                0x000005c3       0x34 d:/102021~1.10/bin/../lib/gcc/arm-none-eabi/10.3.1/../../../../arm-none-eabi/lib/thumb/v7e-m+fp/hard\libg.a(lib_a-errno.o)
 .ARM.attributes
                0x000005f7       0x34 d:/102021~1.10/bin/../lib/gcc/arm-none-eabi/10.3.1/../../../../arm-none-eabi/lib/thumb/v7e-m+fp/hard\libg.a(lib_a-impure.o)
 .ARM.attributes
                0x0000062b       0x34 d:/102021~1.10/bin/../lib/gcc/arm-none-eabi/10.3.1/../../../../arm-none-eabi/lib/thumb/v7e-m+fp/hard\libg.a(lib_a-init.o)
 .ARM.attributes
                0x0000065f       0x1c d:/102021~1.10/bin/../lib/gcc/arm-none-eabi/10.3.1/../../../../arm-none-eabi/lib/thumb/v7e-m+fp/hard\libg.a(lib_a-memcpy.o)
 .ARM.attributes
                0x0000067b       0x34 d:/102021~1.10/bin/../lib/gcc/arm-none-eabi/10.3.1/../../../../arm-none-eabi/lib/thumb/v7e-m+fp/hard\libg.a(lib_a-memset.o)
 .ARM.attributes
                0x000006af       0x34 d:/102021~1.10/bin/../lib/gcc/arm-none-eabi/10.3.1/../../../../arm-none-eabi/lib/thumb/v7e-m+fp/hard\libg.a(lib_a-reent.o)
 .ARM.attributes
                0x000006e3       0x34 d:/102021~1.10/bin/../lib/gcc/arm-none-eabi/10.3.1/../../../../arm-none-eabi/lib/thumb/v7e-m+fp/hard\libg.a(lib_a-__call_atexit.o)
 .ARM.attributes
                0x00000717       0x34 d:/102021~1.10/bin/../lib/gcc/arm-none-eabi/10.3.1/../../../../arm-none-eabi/lib/thumb/v7e-m+fp/hard\libg.a(lib_a-atexit.o)
 .ARM.attributes
                0x0000074b       0x34 d:/102021~1.10/bin/../lib/gcc/arm-none-eabi/10.3.1/../../../../arm-none-eabi/lib/thumb/v7e-m+fp/hard\libg.a(lib_a-fini.o)
 .ARM.attributes
                0x0000077f       0x34 d:/102021~1.10/bin/../lib/gcc/arm-none-eabi/10.3.1/../../../../arm-none-eabi/lib/thumb/v7e-m+fp/hard\libg.a(lib_a-freer.o)
 .ARM.attributes
                0x000007b3       0x34 d:/102021~1.10/bin/../lib/gcc/arm-none-eabi/10.3.1/../../../../arm-none-eabi/lib/thumb/v7e-m+fp/hard\libg.a(lib_a-lock.o)
 .ARM.attributes
                0x000007e7       0x34 d:/102021~1.10/bin/../lib/gcc/arm-none-eabi/10.3.1/../../../../arm-none-eabi/lib/thumb/v7e-m+fp/hard\libg.a(lib_a-mallocr.o)
 .ARM.attributes
                0x0000081b       0x34 d:/102021~1.10/bin/../lib/gcc/arm-none-eabi/10.3.1/../../../../arm-none-eabi/lib/thumb/v7e-m+fp/hard\libg.a(lib_a-mlock.o)
 .ARM.attributes
                0x0000084f       0x34 d:/102021~1.10/bin/../lib/gcc/arm-none-eabi/10.3.1/../../../../arm-none-eabi/lib/thumb/v7e-m+fp/hard\libg.a(lib_a-sbrkr.o)
 .ARM.attributes
                0x00000883       0x34 d:/102021~1.10/bin/../lib/gcc/arm-none-eabi/10.3.1/../../../../arm-none-eabi/lib/thumb/v7e-m+fp/hard\libg.a(lib_a-__atexit.o)
 .ARM.attributes
                0x000008b7       0x1e d:/102021~1.10/bin/../lib/gcc/arm-none-eabi/10.3.1/thumb/v7e-m+fp/hard/crtn.o
OUTPUT(motor_test.elf elf32-littlearm)
LOAD linker stubs
LOAD d:/102021~1.10/bin/../lib/gcc/arm-none-eabi/10.3.1/../../../../arm-none-eabi/lib/thumb/v7e-m+fp/hard\libc.a
LOAD d:/102021~1.10/bin/../lib/gcc/arm-none-eabi/10.3.1/../../../../arm-none-eabi/lib/thumb/v7e-m+fp/hard\libm.a
LOAD d:/102021~1.10/bin/../lib/gcc/arm-none-eabi/10.3.1/thumb/v7e-m+fp/hard\libgcc.a

.debug_info     0x00000000    0x19cba
 .debug_info    0x00000000      0x645 CMakeFiles/motor_test.elf.dir/Bsp/bsp_can.c.obj
 .debug_info    0x00000645      0xcb3 CMakeFiles/motor_test.elf.dir/Core/Src/can.c.obj
 .debug_info    0x000012f8      0xdcb CMakeFiles/motor_test.elf.dir/Core/Src/freertos.c.obj
 .debug_info    0x000020c3      0x2de CMakeFiles/motor_test.elf.dir/Core/Src/gpio.c.obj
 .debug_info    0x000023a1      0xbd5 CMakeFiles/motor_test.elf.dir/Core/Src/main.c.obj
 .debug_info    0x00002f76      0x4f8 CMakeFiles/motor_test.elf.dir/Core/Src/stm32f4xx_hal_msp.c.obj
 .debug_info    0x0000346e      0xc7f CMakeFiles/motor_test.elf.dir/Core/Src/stm32f4xx_hal_timebase_tim.c.obj
 .debug_info    0x000040ed      0xb37 CMakeFiles/motor_test.elf.dir/Core/Src/stm32f4xx_it.c.obj
 .debug_info    0x00004c24      0x174 CMakeFiles/motor_test.elf.dir/Core/Src/sysmem.c.obj
 .debug_info    0x00004d98      0x538 CMakeFiles/motor_test.elf.dir/Core/Src/system_stm32f4xx.c.obj
 .debug_info    0x000052d0       0x22 CMakeFiles/motor_test.elf.dir/Core/Startup/startup_stm32f407ighx.s.obj
 .debug_info    0x000052f2      0x9f0 CMakeFiles/motor_test.elf.dir/Drivers/STM32F4xx_HAL_Driver/Src/stm32f4xx_hal.c.obj
 .debug_info    0x00005ce2     0x1269 CMakeFiles/motor_test.elf.dir/Drivers/STM32F4xx_HAL_Driver/Src/stm32f4xx_hal_can.c.obj
 .debug_info    0x00006f4b     0x1098 CMakeFiles/motor_test.elf.dir/Drivers/STM32F4xx_HAL_Driver/Src/stm32f4xx_hal_cortex.c.obj
 .debug_info    0x00007fe3      0x7b0 CMakeFiles/motor_test.elf.dir/Drivers/STM32F4xx_HAL_Driver/Src/stm32f4xx_hal_gpio.c.obj
 .debug_info    0x00008793      0xb03 CMakeFiles/motor_test.elf.dir/Drivers/STM32F4xx_HAL_Driver/Src/stm32f4xx_hal_rcc.c.obj
 .debug_info    0x00009296     0x3d5b CMakeFiles/motor_test.elf.dir/Drivers/STM32F4xx_HAL_Driver/Src/stm32f4xx_hal_tim.c.obj
 .debug_info    0x0000cff1     0x1ade CMakeFiles/motor_test.elf.dir/Drivers/STM32F4xx_HAL_Driver/Src/stm32f4xx_hal_tim_ex.c.obj
 .debug_info    0x0000eacf     0x2c57 CMakeFiles/motor_test.elf.dir/Middlewares/Third_Party/FreeRTOS/Source/CMSIS_RTOS/cmsis_os.c.obj
 .debug_info    0x00011726      0x2e0 CMakeFiles/motor_test.elf.dir/Middlewares/Third_Party/FreeRTOS/Source/list.c.obj
 .debug_info    0x00011a06      0x587 CMakeFiles/motor_test.elf.dir/Middlewares/Third_Party/FreeRTOS/Source/portable/GCC/ARM_CM4F/port.c.obj
 .debug_info    0x00011f8d      0x5d9 CMakeFiles/motor_test.elf.dir/Middlewares/Third_Party/FreeRTOS/Source/portable/MemMang/heap_4.c.obj
 .debug_info    0x00012566     0x23ba CMakeFiles/motor_test.elf.dir/Middlewares/Third_Party/FreeRTOS/Source/queue.c.obj
 .debug_info    0x00014920     0x3336 CMakeFiles/motor_test.elf.dir/Middlewares/Third_Party/FreeRTOS/Source/tasks.c.obj
 .debug_info    0x00017c56     0x2064 CMakeFiles/motor_test.elf.dir/Middlewares/Third_Party/FreeRTOS/Source/timers.c.obj

.debug_abbrev   0x00000000     0x350c
 .debug_abbrev  0x00000000      0x1a3 CMakeFiles/motor_test.elf.dir/Bsp/bsp_can.c.obj
 .debug_abbrev  0x000001a3      0x1f6 CMakeFiles/motor_test.elf.dir/Core/Src/can.c.obj
 .debug_abbrev  0x00000399      0x255 CMakeFiles/motor_test.elf.dir/Core/Src/freertos.c.obj
 .debug_abbrev  0x000005ee       0xd1 CMakeFiles/motor_test.elf.dir/Core/Src/gpio.c.obj
 .debug_abbrev  0x000006bf      0x20f CMakeFiles/motor_test.elf.dir/Core/Src/main.c.obj
 .debug_abbrev  0x000008ce      0x119 CMakeFiles/motor_test.elf.dir/Core/Src/stm32f4xx_hal_msp.c.obj
 .debug_abbrev  0x000009e7      0x1ff CMakeFiles/motor_test.elf.dir/Core/Src/stm32f4xx_hal_timebase_tim.c.obj
 .debug_abbrev  0x00000be6      0x1bb CMakeFiles/motor_test.elf.dir/Core/Src/stm32f4xx_it.c.obj
 .debug_abbrev  0x00000da1       0xe7 CMakeFiles/motor_test.elf.dir/Core/Src/sysmem.c.obj
 .debug_abbrev  0x00000e88      0x119 CMakeFiles/motor_test.elf.dir/Core/Src/system_stm32f4xx.c.obj
 .debug_abbrev  0x00000fa1       0x12 CMakeFiles/motor_test.elf.dir/Core/Startup/startup_stm32f407ighx.s.obj
 .debug_abbrev  0x00000fb3      0x206 CMakeFiles/motor_test.elf.dir/Drivers/STM32F4xx_HAL_Driver/Src/stm32f4xx_hal.c.obj
 .debug_abbrev  0x000011b9      0x267 CMakeFiles/motor_test.elf.dir/Drivers/STM32F4xx_HAL_Driver/Src/stm32f4xx_hal_can.c.obj
 .debug_abbrev  0x00001420      0x36a CMakeFiles/motor_test.elf.dir/Drivers/STM32F4xx_HAL_Driver/Src/stm32f4xx_hal_cortex.c.obj
 .debug_abbrev  0x0000178a      0x1ef CMakeFiles/motor_test.elf.dir/Drivers/STM32F4xx_HAL_Driver/Src/stm32f4xx_hal_gpio.c.obj
 .debug_abbrev  0x00001979      0x28a CMakeFiles/motor_test.elf.dir/Drivers/STM32F4xx_HAL_Driver/Src/stm32f4xx_hal_rcc.c.obj
 .debug_abbrev  0x00001c03      0x22b CMakeFiles/motor_test.elf.dir/Drivers/STM32F4xx_HAL_Driver/Src/stm32f4xx_hal_tim.c.obj
 .debug_abbrev  0x00001e2e      0x241 CMakeFiles/motor_test.elf.dir/Drivers/STM32F4xx_HAL_Driver/Src/stm32f4xx_hal_tim_ex.c.obj
 .debug_abbrev  0x0000206f      0x411 CMakeFiles/motor_test.elf.dir/Middlewares/Third_Party/FreeRTOS/Source/CMSIS_RTOS/cmsis_os.c.obj
 .debug_abbrev  0x00002480      0x106 CMakeFiles/motor_test.elf.dir/Middlewares/Third_Party/FreeRTOS/Source/list.c.obj
 .debug_abbrev  0x00002586      0x26b CMakeFiles/motor_test.elf.dir/Middlewares/Third_Party/FreeRTOS/Source/portable/GCC/ARM_CM4F/port.c.obj
 .debug_abbrev  0x000027f1      0x24b CMakeFiles/motor_test.elf.dir/Middlewares/Third_Party/FreeRTOS/Source/portable/MemMang/heap_4.c.obj
 .debug_abbrev  0x00002a3c      0x369 CMakeFiles/motor_test.elf.dir/Middlewares/Third_Party/FreeRTOS/Source/queue.c.obj
 .debug_abbrev  0x00002da5      0x401 CMakeFiles/motor_test.elf.dir/Middlewares/Third_Party/FreeRTOS/Source/tasks.c.obj
 .debug_abbrev  0x000031a6      0x366 CMakeFiles/motor_test.elf.dir/Middlewares/Third_Party/FreeRTOS/Source/timers.c.obj

.debug_aranges  0x00000000     0x1190
 .debug_aranges
                0x00000000       0x28 CMakeFiles/motor_test.elf.dir/Bsp/bsp_can.c.obj
 .debug_aranges
                0x00000028       0x38 CMakeFiles/motor_test.elf.dir/Core/Src/can.c.obj
 .debug_aranges
                0x00000060       0x40 CMakeFiles/motor_test.elf.dir/Core/Src/freertos.c.obj
 .debug_aranges
                0x000000a0       0x20 CMakeFiles/motor_test.elf.dir/Core/Src/gpio.c.obj
 .debug_aranges
                0x000000c0       0x38 CMakeFiles/motor_test.elf.dir/Core/Src/main.c.obj
 .debug_aranges
                0x000000f8       0x20 CMakeFiles/motor_test.elf.dir/Core/Src/stm32f4xx_hal_msp.c.obj
 .debug_aranges
                0x00000118       0x30 CMakeFiles/motor_test.elf.dir/Core/Src/stm32f4xx_hal_timebase_tim.c.obj
 .debug_aranges
                0x00000148       0x60 CMakeFiles/motor_test.elf.dir/Core/Src/stm32f4xx_it.c.obj
 .debug_aranges
                0x000001a8       0x20 CMakeFiles/motor_test.elf.dir/Core/Src/sysmem.c.obj
 .debug_aranges
                0x000001c8       0x28 CMakeFiles/motor_test.elf.dir/Core/Src/system_stm32f4xx.c.obj
 .debug_aranges
                0x000001f0       0x28 CMakeFiles/motor_test.elf.dir/Core/Startup/startup_stm32f407ighx.s.obj
 .debug_aranges
                0x00000218       0xf0 CMakeFiles/motor_test.elf.dir/Drivers/STM32F4xx_HAL_Driver/Src/stm32f4xx_hal.c.obj
 .debug_aranges
                0x00000308      0x138 CMakeFiles/motor_test.elf.dir/Drivers/STM32F4xx_HAL_Driver/Src/stm32f4xx_hal_can.c.obj
 .debug_aranges
                0x00000440       0xa8 CMakeFiles/motor_test.elf.dir/Drivers/STM32F4xx_HAL_Driver/Src/stm32f4xx_hal_cortex.c.obj
 .debug_aranges
                0x000004e8       0x58 CMakeFiles/motor_test.elf.dir/Drivers/STM32F4xx_HAL_Driver/Src/stm32f4xx_hal_gpio.c.obj
 .debug_aranges
                0x00000540       0x88 CMakeFiles/motor_test.elf.dir/Drivers/STM32F4xx_HAL_Driver/Src/stm32f4xx_hal_rcc.c.obj
 .debug_aranges
                0x000005c8      0x3d0 CMakeFiles/motor_test.elf.dir/Drivers/STM32F4xx_HAL_Driver/Src/stm32f4xx_hal_tim.c.obj
 .debug_aranges
                0x00000998      0x168 CMakeFiles/motor_test.elf.dir/Drivers/STM32F4xx_HAL_Driver/Src/stm32f4xx_hal_tim_ex.c.obj
 .debug_aranges
                0x00000b00      0x1d8 CMakeFiles/motor_test.elf.dir/Middlewares/Third_Party/FreeRTOS/Source/CMSIS_RTOS/cmsis_os.c.obj
 .debug_aranges
                0x00000cd8       0x40 CMakeFiles/motor_test.elf.dir/Middlewares/Third_Party/FreeRTOS/Source/list.c.obj
 .debug_aranges
                0x00000d18       0x80 CMakeFiles/motor_test.elf.dir/Middlewares/Third_Party/FreeRTOS/Source/portable/GCC/ARM_CM4F/port.c.obj
 .debug_aranges
                0x00000d98       0x58 CMakeFiles/motor_test.elf.dir/Middlewares/Third_Party/FreeRTOS/Source/portable/MemMang/heap_4.c.obj
 .debug_aranges
                0x00000df0      0x110 CMakeFiles/motor_test.elf.dir/Middlewares/Third_Party/FreeRTOS/Source/queue.c.obj
 .debug_aranges
                0x00000f00      0x1c0 CMakeFiles/motor_test.elf.dir/Middlewares/Third_Party/FreeRTOS/Source/tasks.c.obj
 .debug_aranges
                0x000010c0       0xd0 CMakeFiles/motor_test.elf.dir/Middlewares/Third_Party/FreeRTOS/Source/timers.c.obj

.debug_ranges   0x00000000     0x1260
 .debug_ranges  0x00000000       0x18 CMakeFiles/motor_test.elf.dir/Bsp/bsp_can.c.obj
 .debug_ranges  0x00000018       0x28 CMakeFiles/motor_test.elf.dir/Core/Src/can.c.obj
 .debug_ranges  0x00000040       0x30 CMakeFiles/motor_test.elf.dir/Core/Src/freertos.c.obj
 .debug_ranges  0x00000070       0x10 CMakeFiles/motor_test.elf.dir/Core/Src/gpio.c.obj
 .debug_ranges  0x00000080       0x28 CMakeFiles/motor_test.elf.dir/Core/Src/main.c.obj
 .debug_ranges  0x000000a8       0x10 CMakeFiles/motor_test.elf.dir/Core/Src/stm32f4xx_hal_msp.c.obj
 .debug_ranges  0x000000b8       0x20 CMakeFiles/motor_test.elf.dir/Core/Src/stm32f4xx_hal_timebase_tim.c.obj
 .debug_ranges  0x000000d8       0x50 CMakeFiles/motor_test.elf.dir/Core/Src/stm32f4xx_it.c.obj
 .debug_ranges  0x00000128       0x10 CMakeFiles/motor_test.elf.dir/Core/Src/sysmem.c.obj
 .debug_ranges  0x00000138       0x18 CMakeFiles/motor_test.elf.dir/Core/Src/system_stm32f4xx.c.obj
 .debug_ranges  0x00000150       0x20 CMakeFiles/motor_test.elf.dir/Core/Startup/startup_stm32f407ighx.s.obj
 .debug_ranges  0x00000170       0xe0 CMakeFiles/motor_test.elf.dir/Drivers/STM32F4xx_HAL_Driver/Src/stm32f4xx_hal.c.obj
 .debug_ranges  0x00000250      0x128 CMakeFiles/motor_test.elf.dir/Drivers/STM32F4xx_HAL_Driver/Src/stm32f4xx_hal_can.c.obj
 .debug_ranges  0x00000378       0xf8 CMakeFiles/motor_test.elf.dir/Drivers/STM32F4xx_HAL_Driver/Src/stm32f4xx_hal_cortex.c.obj
 .debug_ranges  0x00000470       0x48 CMakeFiles/motor_test.elf.dir/Drivers/STM32F4xx_HAL_Driver/Src/stm32f4xx_hal_gpio.c.obj
 .debug_ranges  0x000004b8       0x90 CMakeFiles/motor_test.elf.dir/Drivers/STM32F4xx_HAL_Driver/Src/stm32f4xx_hal_rcc.c.obj
 .debug_ranges  0x00000548      0x3c0 CMakeFiles/motor_test.elf.dir/Drivers/STM32F4xx_HAL_Driver/Src/stm32f4xx_hal_tim.c.obj
 .debug_ranges  0x00000908      0x158 CMakeFiles/motor_test.elf.dir/Drivers/STM32F4xx_HAL_Driver/Src/stm32f4xx_hal_tim_ex.c.obj
 .debug_ranges  0x00000a60      0x1c8 CMakeFiles/motor_test.elf.dir/Middlewares/Third_Party/FreeRTOS/Source/CMSIS_RTOS/cmsis_os.c.obj
 .debug_ranges  0x00000c28       0x30 CMakeFiles/motor_test.elf.dir/Middlewares/Third_Party/FreeRTOS/Source/list.c.obj
 .debug_ranges  0x00000c58       0x88 CMakeFiles/motor_test.elf.dir/Middlewares/Third_Party/FreeRTOS/Source/portable/GCC/ARM_CM4F/port.c.obj
 .debug_ranges  0x00000ce0       0x48 CMakeFiles/motor_test.elf.dir/Middlewares/Third_Party/FreeRTOS/Source/portable/MemMang/heap_4.c.obj
 .debug_ranges  0x00000d28      0x1d0 CMakeFiles/motor_test.elf.dir/Middlewares/Third_Party/FreeRTOS/Source/queue.c.obj
 .debug_ranges  0x00000ef8      0x2a8 CMakeFiles/motor_test.elf.dir/Middlewares/Third_Party/FreeRTOS/Source/tasks.c.obj
 .debug_ranges  0x000011a0       0xc0 CMakeFiles/motor_test.elf.dir/Middlewares/Third_Party/FreeRTOS/Source/timers.c.obj

.debug_line     0x00000000    0x1267a
 .debug_line    0x00000000      0x275 CMakeFiles/motor_test.elf.dir/Bsp/bsp_can.c.obj
 .debug_line    0x00000275      0x4db CMakeFiles/motor_test.elf.dir/Core/Src/can.c.obj
 .debug_line    0x00000750      0x314 CMakeFiles/motor_test.elf.dir/Core/Src/freertos.c.obj
 .debug_line    0x00000a64      0x13d CMakeFiles/motor_test.elf.dir/Core/Src/gpio.c.obj
 .debug_line    0x00000ba1      0x3e1 CMakeFiles/motor_test.elf.dir/Core/Src/main.c.obj
 .debug_line    0x00000f82      0x191 CMakeFiles/motor_test.elf.dir/Core/Src/stm32f4xx_hal_msp.c.obj
 .debug_line    0x00001113      0x2ca CMakeFiles/motor_test.elf.dir/Core/Src/stm32f4xx_hal_timebase_tim.c.obj
 .debug_line    0x000013dd      0x2cf CMakeFiles/motor_test.elf.dir/Core/Src/stm32f4xx_it.c.obj
 .debug_line    0x000016ac      0x16c CMakeFiles/motor_test.elf.dir/Core/Src/sysmem.c.obj
 .debug_line    0x00001818      0x24a CMakeFiles/motor_test.elf.dir/Core/Src/system_stm32f4xx.c.obj
 .debug_line    0x00001a62       0x9b CMakeFiles/motor_test.elf.dir/Core/Startup/startup_stm32f407ighx.s.obj
 .debug_line    0x00001afd      0x575 CMakeFiles/motor_test.elf.dir/Drivers/STM32F4xx_HAL_Driver/Src/stm32f4xx_hal.c.obj
 .debug_line    0x00002072     0x10ed CMakeFiles/motor_test.elf.dir/Drivers/STM32F4xx_HAL_Driver/Src/stm32f4xx_hal_can.c.obj
 .debug_line    0x0000315f      0x788 CMakeFiles/motor_test.elf.dir/Drivers/STM32F4xx_HAL_Driver/Src/stm32f4xx_hal_cortex.c.obj
 .debug_line    0x000038e7      0x6db CMakeFiles/motor_test.elf.dir/Drivers/STM32F4xx_HAL_Driver/Src/stm32f4xx_hal_gpio.c.obj
 .debug_line    0x00003fc2      0xb09 CMakeFiles/motor_test.elf.dir/Drivers/STM32F4xx_HAL_Driver/Src/stm32f4xx_hal_rcc.c.obj
 .debug_line    0x00004acb     0x4a9c CMakeFiles/motor_test.elf.dir/Drivers/STM32F4xx_HAL_Driver/Src/stm32f4xx_hal_tim.c.obj
 .debug_line    0x00009567     0x1cc0 CMakeFiles/motor_test.elf.dir/Drivers/STM32F4xx_HAL_Driver/Src/stm32f4xx_hal_tim_ex.c.obj
 .debug_line    0x0000b227     0x1319 CMakeFiles/motor_test.elf.dir/Middlewares/Third_Party/FreeRTOS/Source/CMSIS_RTOS/cmsis_os.c.obj
 .debug_line    0x0000c540      0x353 CMakeFiles/motor_test.elf.dir/Middlewares/Third_Party/FreeRTOS/Source/list.c.obj
 .debug_line    0x0000c893      0x704 CMakeFiles/motor_test.elf.dir/Middlewares/Third_Party/FreeRTOS/Source/portable/GCC/ARM_CM4F/port.c.obj
 .debug_line    0x0000cf97      0x708 CMakeFiles/motor_test.elf.dir/Middlewares/Third_Party/FreeRTOS/Source/portable/MemMang/heap_4.c.obj
 .debug_line    0x0000d69f     0x1c39 CMakeFiles/motor_test.elf.dir/Middlewares/Third_Party/FreeRTOS/Source/queue.c.obj
 .debug_line    0x0000f2d8     0x2601 CMakeFiles/motor_test.elf.dir/Middlewares/Third_Party/FreeRTOS/Source/tasks.c.obj
 .debug_line    0x000118d9      0xda1 CMakeFiles/motor_test.elf.dir/Middlewares/Third_Party/FreeRTOS/Source/timers.c.obj

.debug_str      0x00000000     0x65fd
 .debug_str     0x00000000      0x555 CMakeFiles/motor_test.elf.dir/Bsp/bsp_can.c.obj
                                0x5ce (size before relaxing)
 .debug_str     0x00000555      0x726 CMakeFiles/motor_test.elf.dir/Core/Src/can.c.obj
                                0xbb8 (size before relaxing)
 .debug_str     0x00000c7b      0x735 CMakeFiles/motor_test.elf.dir/Core/Src/freertos.c.obj
                                0x96c (size before relaxing)
 .debug_str     0x000013b0       0x33 CMakeFiles/motor_test.elf.dir/Core/Src/gpio.c.obj
                                0x2e6 (size before relaxing)
 .debug_str     0x000013e3      0x67f CMakeFiles/motor_test.elf.dir/Core/Src/main.c.obj
                                0xa41 (size before relaxing)
 .debug_str     0x00001a62       0x3f CMakeFiles/motor_test.elf.dir/Core/Src/stm32f4xx_hal_msp.c.obj
                                0x7f5 (size before relaxing)
 .debug_str     0x00001aa1      0x11c CMakeFiles/motor_test.elf.dir/Core/Src/stm32f4xx_hal_timebase_tim.c.obj
                                0xe89 (size before relaxing)
 .debug_str     0x00001bbd       0xfa CMakeFiles/motor_test.elf.dir/Core/Src/stm32f4xx_it.c.obj
                                0xa4a (size before relaxing)
 .debug_str     0x00001cb7       0x90 CMakeFiles/motor_test.elf.dir/Core/Src/sysmem.c.obj
                                0x25c (size before relaxing)
 .debug_str     0x00001d47       0xee CMakeFiles/motor_test.elf.dir/Core/Src/system_stm32f4xx.c.obj
                                0x3ac (size before relaxing)
 .debug_str     0x00001e35       0x49 CMakeFiles/motor_test.elf.dir/Core/Startup/startup_stm32f407ighx.s.obj
                                 0x7b (size before relaxing)
 .debug_str     0x00001e7e      0x30f CMakeFiles/motor_test.elf.dir/Drivers/STM32F4xx_HAL_Driver/Src/stm32f4xx_hal.c.obj
                                0xb91 (size before relaxing)
 .debug_str     0x0000218d      0x452 CMakeFiles/motor_test.elf.dir/Drivers/STM32F4xx_HAL_Driver/Src/stm32f4xx_hal_can.c.obj
                                0xa82 (size before relaxing)
 .debug_str     0x000025df      0x43a CMakeFiles/motor_test.elf.dir/Drivers/STM32F4xx_HAL_Driver/Src/stm32f4xx_hal_cortex.c.obj
                                0xc63 (size before relaxing)
 .debug_str     0x00002a19      0x169 CMakeFiles/motor_test.elf.dir/Drivers/STM32F4xx_HAL_Driver/Src/stm32f4xx_hal_gpio.c.obj
                                0x517 (size before relaxing)
 .debug_str     0x00002b82      0x181 CMakeFiles/motor_test.elf.dir/Drivers/STM32F4xx_HAL_Driver/Src/stm32f4xx_hal_rcc.c.obj
                                0x73d (size before relaxing)
 .debug_str     0x00002d03      0xee7 CMakeFiles/motor_test.elf.dir/Drivers/STM32F4xx_HAL_Driver/Src/stm32f4xx_hal_tim.c.obj
                               0x16f0 (size before relaxing)
 .debug_str     0x00003bea      0x5a7 CMakeFiles/motor_test.elf.dir/Drivers/STM32F4xx_HAL_Driver/Src/stm32f4xx_hal_tim_ex.c.obj
                                0xef1 (size before relaxing)
 .debug_str     0x00004191      0xc0c CMakeFiles/motor_test.elf.dir/Middlewares/Third_Party/FreeRTOS/Source/CMSIS_RTOS/cmsis_os.c.obj
                               0x1493 (size before relaxing)
 .debug_str     0x00004d9d      0x14c CMakeFiles/motor_test.elf.dir/Middlewares/Third_Party/FreeRTOS/Source/list.c.obj
                                0x339 (size before relaxing)
 .debug_str     0x00004ee9      0x240 CMakeFiles/motor_test.elf.dir/Middlewares/Third_Party/FreeRTOS/Source/portable/GCC/ARM_CM4F/port.c.obj
                                0x4b5 (size before relaxing)
 .debug_str     0x00005129      0x2e5 CMakeFiles/motor_test.elf.dir/Middlewares/Third_Party/FreeRTOS/Source/portable/MemMang/heap_4.c.obj
                                0x547 (size before relaxing)
 .debug_str     0x0000540e      0x5eb CMakeFiles/motor_test.elf.dir/Middlewares/Third_Party/FreeRTOS/Source/queue.c.obj
                                0xbf3 (size before relaxing)
 .debug_str     0x000059f9      0x7e5 CMakeFiles/motor_test.elf.dir/Middlewares/Third_Party/FreeRTOS/Source/tasks.c.obj
                               0x14a1 (size before relaxing)
 .debug_str     0x000061de      0x41f CMakeFiles/motor_test.elf.dir/Middlewares/Third_Party/FreeRTOS/Source/timers.c.obj
                                0xf2d (size before relaxing)

.comment        0x00000000       0x49
 .comment       0x00000000       0x49 CMakeFiles/motor_test.elf.dir/Bsp/bsp_can.c.obj
                                 0x4a (size before relaxing)
 .comment       0x00000049       0x4a CMakeFiles/motor_test.elf.dir/Core/Src/can.c.obj
 .comment       0x00000049       0x4a CMakeFiles/motor_test.elf.dir/Core/Src/freertos.c.obj
 .comment       0x00000049       0x4a CMakeFiles/motor_test.elf.dir/Core/Src/gpio.c.obj
 .comment       0x00000049       0x4a CMakeFiles/motor_test.elf.dir/Core/Src/main.c.obj
 .comment       0x00000049       0x4a CMakeFiles/motor_test.elf.dir/Core/Src/stm32f4xx_hal_msp.c.obj
 .comment       0x00000049       0x4a CMakeFiles/motor_test.elf.dir/Core/Src/stm32f4xx_hal_timebase_tim.c.obj
 .comment       0x00000049       0x4a CMakeFiles/motor_test.elf.dir/Core/Src/stm32f4xx_it.c.obj
 .comment       0x00000049       0x4a CMakeFiles/motor_test.elf.dir/Core/Src/sysmem.c.obj
 .comment       0x00000049       0x4a CMakeFiles/motor_test.elf.dir/Core/Src/system_stm32f4xx.c.obj
 .comment       0x00000049       0x4a CMakeFiles/motor_test.elf.dir/Drivers/STM32F4xx_HAL_Driver/Src/stm32f4xx_hal.c.obj
 .comment       0x00000049       0x4a CMakeFiles/motor_test.elf.dir/Drivers/STM32F4xx_HAL_Driver/Src/stm32f4xx_hal_can.c.obj
 .comment       0x00000049       0x4a CMakeFiles/motor_test.elf.dir/Drivers/STM32F4xx_HAL_Driver/Src/stm32f4xx_hal_cortex.c.obj
 .comment       0x00000049       0x4a CMakeFiles/motor_test.elf.dir/Drivers/STM32F4xx_HAL_Driver/Src/stm32f4xx_hal_gpio.c.obj
 .comment       0x00000049       0x4a CMakeFiles/motor_test.elf.dir/Drivers/STM32F4xx_HAL_Driver/Src/stm32f4xx_hal_rcc.c.obj
 .comment       0x00000049       0x4a CMakeFiles/motor_test.elf.dir/Drivers/STM32F4xx_HAL_Driver/Src/stm32f4xx_hal_tim.c.obj
 .comment       0x00000049       0x4a CMakeFiles/motor_test.elf.dir/Drivers/STM32F4xx_HAL_Driver/Src/stm32f4xx_hal_tim_ex.c.obj
 .comment       0x00000049       0x4a CMakeFiles/motor_test.elf.dir/Middlewares/Third_Party/FreeRTOS/Source/CMSIS_RTOS/cmsis_os.c.obj
 .comment       0x00000049       0x4a CMakeFiles/motor_test.elf.dir/Middlewares/Third_Party/FreeRTOS/Source/list.c.obj
 .comment       0x00000049       0x4a CMakeFiles/motor_test.elf.dir/Middlewares/Third_Party/FreeRTOS/Source/portable/GCC/ARM_CM4F/port.c.obj
 .comment       0x00000049       0x4a CMakeFiles/motor_test.elf.dir/Middlewares/Third_Party/FreeRTOS/Source/portable/MemMang/heap_4.c.obj
 .comment       0x00000049       0x4a CMakeFiles/motor_test.elf.dir/Middlewares/Third_Party/FreeRTOS/Source/queue.c.obj
 .comment       0x00000049       0x4a CMakeFiles/motor_test.elf.dir/Middlewares/Third_Party/FreeRTOS/Source/tasks.c.obj
 .comment       0x00000049       0x4a CMakeFiles/motor_test.elf.dir/Middlewares/Third_Party/FreeRTOS/Source/timers.c.obj

.debug_frame    0x00000000     0x32c0
 .debug_frame   0x00000000       0x40 CMakeFiles/motor_test.elf.dir/Bsp/bsp_can.c.obj
 .debug_frame   0x00000040       0x78 CMakeFiles/motor_test.elf.dir/Core/Src/can.c.obj
 .debug_frame   0x000000b8       0x80 CMakeFiles/motor_test.elf.dir/Core/Src/freertos.c.obj
 .debug_frame   0x00000138       0x28 CMakeFiles/motor_test.elf.dir/Core/Src/gpio.c.obj
 .debug_frame   0x00000160       0x70 CMakeFiles/motor_test.elf.dir/Core/Src/main.c.obj
 .debug_frame   0x000001d0       0x2c CMakeFiles/motor_test.elf.dir/Core/Src/stm32f4xx_hal_msp.c.obj
 .debug_frame   0x000001fc       0x54 CMakeFiles/motor_test.elf.dir/Core/Src/stm32f4xx_hal_timebase_tim.c.obj
 .debug_frame   0x00000250       0xb8 CMakeFiles/motor_test.elf.dir/Core/Src/stm32f4xx_it.c.obj
 .debug_frame   0x00000308       0x28 CMakeFiles/motor_test.elf.dir/Core/Src/sysmem.c.obj
 .debug_frame   0x00000330       0x30 CMakeFiles/motor_test.elf.dir/Core/Src/system_stm32f4xx.c.obj
 .debug_frame   0x00000360      0x1ec CMakeFiles/motor_test.elf.dir/Drivers/STM32F4xx_HAL_Driver/Src/stm32f4xx_hal.c.obj
 .debug_frame   0x0000054c      0x2d8 CMakeFiles/motor_test.elf.dir/Drivers/STM32F4xx_HAL_Driver/Src/stm32f4xx_hal_can.c.obj
 .debug_frame   0x00000824      0x148 CMakeFiles/motor_test.elf.dir/Drivers/STM32F4xx_HAL_Driver/Src/stm32f4xx_hal_cortex.c.obj
 .debug_frame   0x0000096c       0xd8 CMakeFiles/motor_test.elf.dir/Drivers/STM32F4xx_HAL_Driver/Src/stm32f4xx_hal_gpio.c.obj
 .debug_frame   0x00000a44      0x16c CMakeFiles/motor_test.elf.dir/Drivers/STM32F4xx_HAL_Driver/Src/stm32f4xx_hal_rcc.c.obj
 .debug_frame   0x00000bb0      0xb0c CMakeFiles/motor_test.elf.dir/Drivers/STM32F4xx_HAL_Driver/Src/stm32f4xx_hal_tim.c.obj
 .debug_frame   0x000016bc      0x40c CMakeFiles/motor_test.elf.dir/Drivers/STM32F4xx_HAL_Driver/Src/stm32f4xx_hal_tim_ex.c.obj
 .debug_frame   0x00001ac8      0x5d0 CMakeFiles/motor_test.elf.dir/Middlewares/Third_Party/FreeRTOS/Source/CMSIS_RTOS/cmsis_os.c.obj
 .debug_frame   0x00002098       0x70 CMakeFiles/motor_test.elf.dir/Middlewares/Third_Party/FreeRTOS/Source/list.c.obj
 .debug_frame   0x00002108      0x110 CMakeFiles/motor_test.elf.dir/Middlewares/Third_Party/FreeRTOS/Source/portable/GCC/ARM_CM4F/port.c.obj
 .debug_frame   0x00002218       0xd0 CMakeFiles/motor_test.elf.dir/Middlewares/Third_Party/FreeRTOS/Source/portable/MemMang/heap_4.c.obj
 .debug_frame   0x000022e8      0x378 CMakeFiles/motor_test.elf.dir/Middlewares/Third_Party/FreeRTOS/Source/queue.c.obj
 .debug_frame   0x00002660      0x5a8 CMakeFiles/motor_test.elf.dir/Middlewares/Third_Party/FreeRTOS/Source/tasks.c.obj
 .debug_frame   0x00002c08      0x2a8 CMakeFiles/motor_test.elf.dir/Middlewares/Third_Party/FreeRTOS/Source/timers.c.obj
 .debug_frame   0x00002eb0       0x2c d:/102021~1.10/bin/../lib/gcc/arm-none-eabi/10.3.1/thumb/v7e-m+fp/hard\libgcc.a(_aeabi_uldivmod.o)
 .debug_frame   0x00002edc       0x34 d:/102021~1.10/bin/../lib/gcc/arm-none-eabi/10.3.1/thumb/v7e-m+fp/hard\libgcc.a(_udivmoddi4.o)
 .debug_frame   0x00002f10       0x20 d:/102021~1.10/bin/../lib/gcc/arm-none-eabi/10.3.1/../../../../arm-none-eabi/lib/thumb/v7e-m+fp/hard\libg.a(lib_a-errno.o)
 .debug_frame   0x00002f30       0x2c d:/102021~1.10/bin/../lib/gcc/arm-none-eabi/10.3.1/../../../../arm-none-eabi/lib/thumb/v7e-m+fp/hard\libg.a(lib_a-init.o)
 .debug_frame   0x00002f5c       0x2c d:/102021~1.10/bin/../lib/gcc/arm-none-eabi/10.3.1/../../../../arm-none-eabi/lib/thumb/v7e-m+fp/hard\libg.a(lib_a-memset.o)
 .debug_frame   0x00002f88       0x64 d:/102021~1.10/bin/../lib/gcc/arm-none-eabi/10.3.1/../../../../arm-none-eabi/lib/thumb/v7e-m+fp/hard\libg.a(lib_a-reent.o)
 .debug_frame   0x00002fec       0x68 d:/102021~1.10/bin/../lib/gcc/arm-none-eabi/10.3.1/../../../../arm-none-eabi/lib/thumb/v7e-m+fp/hard\libg.a(lib_a-__call_atexit.o)
 .debug_frame   0x00003054       0x20 d:/102021~1.10/bin/../lib/gcc/arm-none-eabi/10.3.1/../../../../arm-none-eabi/lib/thumb/v7e-m+fp/hard\libg.a(lib_a-atexit.o)
 .debug_frame   0x00003074       0x34 d:/102021~1.10/bin/../lib/gcc/arm-none-eabi/10.3.1/../../../../arm-none-eabi/lib/thumb/v7e-m+fp/hard\libg.a(lib_a-fini.o)
 .debug_frame   0x000030a8       0x8c d:/102021~1.10/bin/../lib/gcc/arm-none-eabi/10.3.1/../../../../arm-none-eabi/lib/thumb/v7e-m+fp/hard\libg.a(lib_a-freer.o)
 .debug_frame   0x00003134       0xb0 d:/102021~1.10/bin/../lib/gcc/arm-none-eabi/10.3.1/../../../../arm-none-eabi/lib/thumb/v7e-m+fp/hard\libg.a(lib_a-lock.o)
 .debug_frame   0x000031e4       0x4c d:/102021~1.10/bin/../lib/gcc/arm-none-eabi/10.3.1/../../../../arm-none-eabi/lib/thumb/v7e-m+fp/hard\libg.a(lib_a-mallocr.o)